Component: Arm Compiler for Embedded 6.22 Tool: armlink [5ee90200]

==============================================================================

Section Cross References

    startup_stm32f103xb.o(STACK) refers (Special) to heapauxi.o(.text) for __use_two_region_memory
    startup_stm32f103xb.o(HEAP) refers (Special) to heapauxi.o(.text) for __use_two_region_memory
    startup_stm32f103xb.o(RESET) refers (Special) to heapauxi.o(.text) for __use_two_region_memory
    startup_stm32f103xb.o(RESET) refers to startup_stm32f103xb.o(STACK) for __initial_sp
    startup_stm32f103xb.o(RESET) refers to startup_stm32f103xb.o(.text) for Reset_Handler
    startup_stm32f103xb.o(RESET) refers to stm32f1xx_it.o(.text.NMI_Handler) for NMI_Handler
    startup_stm32f103xb.o(RESET) refers to stm32f1xx_it.o(.text.HardFault_Handler) for HardFault_Handler
    startup_stm32f103xb.o(RESET) refers to stm32f1xx_it.o(.text.MemManage_Handler) for MemManage_Handler
    startup_stm32f103xb.o(RESET) refers to stm32f1xx_it.o(.text.BusFault_Handler) for BusFault_Handler
    startup_stm32f103xb.o(RESET) refers to stm32f1xx_it.o(.text.UsageFault_Handler) for UsageFault_Handler
    startup_stm32f103xb.o(RESET) refers to stm32f1xx_it.o(.text.SVC_Handler) for SVC_Handler
    startup_stm32f103xb.o(RESET) refers to stm32f1xx_it.o(.text.DebugMon_Handler) for DebugMon_Handler
    startup_stm32f103xb.o(RESET) refers to stm32f1xx_it.o(.text.PendSV_Handler) for PendSV_Handler
    startup_stm32f103xb.o(RESET) refers to stm32f1xx_it.o(.text.SysTick_Handler) for SysTick_Handler
    startup_stm32f103xb.o(RESET) refers to stm32f1xx_it.o(.text.TIM2_IRQHandler) for TIM2_IRQHandler
    startup_stm32f103xb.o(RESET) refers to stm32f1xx_it.o(.text.USART1_IRQHandler) for USART1_IRQHandler
    startup_stm32f103xb.o(RESET) refers to stm32f1xx_it.o(.text.USART3_IRQHandler) for USART3_IRQHandler
    startup_stm32f103xb.o(.text) refers (Special) to heapauxi.o(.text) for __use_two_region_memory
    startup_stm32f103xb.o(.text) refers to system_stm32f1xx.o(.text.SystemInit) for SystemInit
    startup_stm32f103xb.o(.text) refers to __main.o(!!!main) for __main
    startup_stm32f103xb.o(.text) refers to startup_stm32f103xb.o(HEAP) for Heap_Mem
    startup_stm32f103xb.o(.text) refers to startup_stm32f103xb.o(STACK) for Stack_Mem
    main.o(.text.fputc) refers to usart.o(.bss.huart1) for huart1
    main.o(.text.fputc) refers to stm32f1xx_hal_uart.o(.text.HAL_UART_Transmit) for HAL_UART_Transmit
    main.o(.ARM.exidx.text.fputc) refers to main.o(.text.fputc) for [Anonymous Symbol]
    main.o(.text.main) refers to stm32f1xx_hal.o(.text.HAL_Init) for HAL_Init
    main.o(.text.main) refers to rt_memclr_w.o(.text) for __aeabi_memclr4
    main.o(.text.main) refers to stm32f1xx_hal_rcc.o(.text.HAL_RCC_OscConfig) for HAL_RCC_OscConfig
    main.o(.text.main) refers to stm32f1xx_hal_rcc.o(.text.HAL_RCC_ClockConfig) for HAL_RCC_ClockConfig
    main.o(.text.main) refers to gpio.o(.text.MX_GPIO_Init) for MX_GPIO_Init
    main.o(.text.main) refers to usart.o(.text.MX_USART1_UART_Init) for MX_USART1_UART_Init
    main.o(.text.main) refers to tim.o(.text.MX_TIM2_Init) for MX_TIM2_Init
    main.o(.text.main) refers to usart.o(.text.MX_USART3_UART_Init) for MX_USART3_UART_Init
    main.o(.text.main) refers to sys_tick.o(.text.SysTick_Init) for SysTick_Init
    main.o(.text.main) refers to uart_servo_lite.o(.text.Usart_Init) for Usart_Init
    main.o(.text.main) refers to oled.o(.text.OLED_Init) for OLED_Init
    main.o(.text.main) refers to sys_tick.o(.text.SysTick_DelayMs) for SysTick_DelayMs
    main.o(.text.main) refers to tim.o(.bss.htim2) for htim2
    main.o(.text.main) refers to stm32f1xx_hal_tim.o(.text.HAL_TIM_Base_Start_IT) for HAL_TIM_Base_Start_IT
    main.o(.text.main) refers to usart.o(.bss.huart1) for huart1
    main.o(.text.main) refers to main.o(.bss.ucTemp1) for ucTemp1
    main.o(.text.main) refers to stm32f1xx_hal_uart.o(.text.HAL_UART_Receive_IT) for HAL_UART_Receive_IT
    main.o(.text.main) refers to usart.o(.bss.huart3) for huart3
    main.o(.text.main) refers to main.o(.bss.Rx_1_Data) for Rx_1_Data
    main.o(.text.main) refers to work.o(.text.All_Work) for All_Work
    main.o(.ARM.exidx.text.main) refers to main.o(.text.main) for [Anonymous Symbol]
    main.o(.text.SystemClock_Config) refers to rt_memclr_w.o(.text) for __aeabi_memclr4
    main.o(.text.SystemClock_Config) refers to stm32f1xx_hal_rcc.o(.text.HAL_RCC_OscConfig) for HAL_RCC_OscConfig
    main.o(.text.SystemClock_Config) refers to stm32f1xx_hal_rcc.o(.text.HAL_RCC_ClockConfig) for HAL_RCC_ClockConfig
    main.o(.ARM.exidx.text.SystemClock_Config) refers to main.o(.text.SystemClock_Config) for [Anonymous Symbol]
    main.o(.ARM.exidx.text.Error_Handler) refers to main.o(.text.Error_Handler) for [Anonymous Symbol]
    main.o(.text.HAL_UART_RxCpltCallback) refers to main.o(.bss.Rx_1_Data) for Rx_1_Data
    main.o(.text.HAL_UART_RxCpltCallback) refers to usart.o(.bss.huart3) for huart3
[...]
    locale$$data                             0x08005d14   Section      272  lc_ctype_c.o(locale$$data)
    __lcctype_c_name                         0x08005d18   Data           2  lc_ctype_c.o(locale$$data)
    __lcctype_c_start                        0x08005d20   Data           0  lc_ctype_c.o(locale$$data)
    __lcctype_c_end                          0x08005e24   Data           0  lc_ctype_c.o(locale$$data)
    .bss                                     0x20000018   Section       96  libspace.o(.bss)
    Heap_Mem                                 0x200009c8   Data         512  startup_stm32f103xb.o(HEAP)
    HEAP                                     0x200009c8   Section      512  startup_stm32f103xb.o(HEAP)
    Stack_Mem                                0x20000bc8   Data        1024  startup_stm32f103xb.o(STACK)
    STACK                                    0x20000bc8   Section     1024  startup_stm32f103xb.o(STACK)
    __initial_sp                             0x20000fc8   Data           0  startup_stm32f103xb.o(STACK)

    Global Symbols

    Symbol Name                              Value     Ov Type        Size  Object(Section)

    BuildAttributes$$THM_ISAv4$P$D$K$B$S$PE$A:L22UL41UL21$X:L11$S22US41US21$IEEE1$IW$~IW$USESV6$~STKCKD$USESV7$~SHL$OTIME$ROPI$IEEEX$EBA8$UX$STANDARDLIB$REQ8$PRES8$EABIv2 0x00000000   Number         0  anon$$obj.o ABSOLUTE
    __fp_init_empty                          0x00000000   Number         0  fpinit_empty.o ABSOLUTE
    _printf_flags                            0x00000000   Number         0  printf_stubs.o ABSOLUTE
    _printf_return_value                     0x00000000   Number         0  printf_stubs.o ABSOLUTE
    _printf_sizespec                         0x00000000   Number         0  printf_stubs.o ABSOLUTE
    _printf_widthprec                        0x00000000   Number         0  printf_stubs.o ABSOLUTE
    __ARM_exceptions_init                     - Undefined Weak Reference
    __alloca_initialize                       - Undefined Weak Reference
    __arm_preinit_                            - Undefined Weak Reference
    __arm_relocate_pie_                       - Undefined Weak Reference
    __cpp_initialize__aeabi_                  - Undefined Weak Reference
    __cxa_finalize                            - Undefined Weak Reference
    __sigvec_lookup                           - Undefined Weak Reference
    _atexit_init                              - Undefined Weak Reference
    _call_atexit_fns                          - Undefined Weak Reference
    _clock_init                               - Undefined Weak Reference
    _fp_trap_init                             - Undefined Weak Reference
    _fp_trap_shutdown                         - Undefined Weak Reference
    _get_lc_collate                           - Undefined Weak Reference
    _get_lc_monetary                          - Undefined Weak Reference
    _get_lc_time                              - Undefined Weak Reference
    _getenv_init                              - Undefined Weak Reference
    _handle_redirection                       - Undefined Weak Reference
    _init_alloc                               - Undefined Weak Reference
    _init_user_alloc                          - Undefined Weak Reference
    _initio                                   - Undefined Weak Reference
    _printf_mbtowc                            - Undefined Weak Reference
    _printf_wc                                - Undefined Weak Reference
    _rand_init                                - Undefined Weak Reference
    _signal_finish                            - Undefined Weak Reference
    _signal_init                              - Undefined Weak Reference
    _terminate_alloc                          - Undefined Weak Reference
    _terminate_user_alloc                     - Undefined Weak Reference
    _terminateio                              - Undefined Weak Reference
    __Vectors_Size                           0x000000ec   Number         0  startup_stm32f103xb.o ABSOLUTE
    __Vectors                                0x08000000   Data           4  startup_stm32f103xb.o(RESET)
    __Vectors_End                            0x080000ec   Data           0  startup_stm32f103xb.o(RESET)
    __main                                   0x080000ed   Thumb Code     8  __main.o(!!!main)
    __scatterload                            0x080000f5   Thumb Code     0  __scatter.o(!!!scatter)
    __scatterload_rt2                        0x080000f5   Thumb Code    84  __scatter.o(!!!scatter)
    __scatterload_rt2_thumb_only             0x080000f5   Thumb Code     0  __scatter.o(!!!scatter)
    __scatterload_loop                       0x080000ff   Thumb Code     0  __scatter.o(!!!scatter)
    __scatterload_copy                       0x08000151   Thumb Code    26  __scatter_copy.o(!!handler_copy)
    __scatterload_null                       0x0800016d   Thumb Code     2  __scatter.o(!!handler_null)
    __scatterload_zeroinit                   0x08000171   Thumb Code    28  __scatter_zi.o(!!handler_zi)
    _printf_n                                0x0800018d   Thumb Code     0  _printf_n.o(.ARM.Collect$$_printf_percent$$00000001)
    _printf_percent                          0x0800018d   Thumb Code     0  _printf_percent.o(.ARM.Collect$$_printf_percent$$00000000)
    _printf_p                                0x08000193   Thumb Code     0  _printf_p.o(.ARM.Collect$$_printf_percent$$00000002)
    _printf_f                                0x08000199   Thumb Code     0  _printf_f.o(.ARM.Collect$$_printf_percent$$00000003)
    _printf_e                                0x0800019f   Thumb Code     0  _printf_e.o(.ARM.Collect$$_printf_percent$$00000004)
    _printf_g                                0x080001a5   Thumb Code     0  _printf_g.o(.ARM.Collect$$_printf_percent$$00000005)
    _printf_a                                0x080001ab   Thumb Code     0  _printf_a.o(.ARM.Collect$$_printf_percent$$00000006)
    _printf_ll                               0x080001b1   Thumb Code     0  _printf_ll.o(.ARM.Collect$$_printf_percent$$00000007)
    _printf_i                                0x080001bb   Thumb Code     0  _printf_i.o(.ARM.Collect$$_printf_percent$$00000008)
    _printf_d                                0x080001c1   Thumb Code     0  _printf_d.o(.ARM.Collect$$_printf_percent$$00000009)
    _printf_u                                0x080001c7   Thumb Code     0  _printf_u.o(.ARM.Collect$$_printf_percent$$0000000A)
    _printf_o                                0x080001cd   Thumb Code     0  _printf_o.o(.ARM.Collect$$_printf_percent$$0000000B)
    _printf_x                                0x080001d3   Thumb Code     0  _printf_x.o(.ARM.Collect$$_printf_percent$$0000000C)
    _printf_lli                              0x080001d9   Thumb Code     0  _printf_lli.o(.ARM.Collect$$_printf_percent$$0000000D)
    _printf_lld                              0x080001df   Thumb Code     0  _printf_lld.o(.ARM.Collect$$_printf_percent$$0000000E)
    _printf_llu                              0x080001e5   Thumb Code     0  _printf_llu.o(.ARM.Collect$$_printf_percent$$0000000F)
    _printf_llo                              0x080001eb   Thumb Code     0  _printf_llo.o(.ARM.Collect$$_printf_percent$$00000010)
    _printf_llx                              0x080001f1   Thumb Code     0  _printf_llx.o(.ARM.Collect$$_printf_percent$$00000011)
    _printf_l                                0x080001f7   Thumb Code     0  _printf_l.o(.ARM.Collect$$_printf_percent$$00000012)
    _printf_c                                0x08000201   Thumb Code     0  _printf_c.o(.ARM.Collect$$_printf_percent$$00000013)
    _printf_s                                0x08000207   Thumb Code     0  _printf_s.o(.ARM.Collect$$_printf_percent$$00000014)
    _printf_lc                               0x0800020d   Thumb Code     0  _printf_lc.o(.ARM.Collect$$_printf_percent$$00000015)
    _printf_ls                               0x08000213   Thumb Code     0  _printf_ls.o(.ARM.Collect$$_printf_percent$$00000016)
    _printf_percent_end                      0x08000219   Thumb Code     0  _printf_percent_end.o(.ARM.Collect$$_printf_percent$$00000017)
    __rt_lib_init                            0x0800021d   Thumb Code     0  libinit.o(.ARM.Collect$$libinit$$00000000)
    __rt_lib_init_fp_1                       0x0800021f   Thumb Code     0  libinit2.o(.ARM.Collect$$libinit$$00000002)
    __rt_lib_init_heap_1                     0x0800021f   Thumb Code     0  libinit2.o(.ARM.Collect$$libinit$$0000000C)
    __rt_lib_init_lc_common                  0x0800021f   Thumb Code     0  libinit2.o(.ARM.Collect$$libinit$$00000011)
    __rt_lib_init_preinit_1                  0x0800021f   Thumb Code     0  libinit2.o(.ARM.Collect$$libinit$$00000006)
    __rt_lib_init_rand_1                     0x0800021f   Thumb Code     0  libinit2.o(.ARM.Collect$$libinit$$00000010)
    __rt_lib_init_relocate_pie_1             0x0800021f   Thumb Code     0  libinit2.o(.ARM.Collect$$libinit$$00000004)
    __rt_lib_init_user_alloc_1               0x0800021f   Thumb Code     0  libinit2.o(.ARM.Collect$$libinit$$0000000E)
    __rt_lib_init_lc_collate_1               0x08000225   Thumb Code     0  libinit2.o(.ARM.Collect$$libinit$$00000013)
    __rt_lib_init_lc_ctype_2                 0x08000225   Thumb Code     0  libinit2.o(.ARM.Collect$$libinit$$00000014)
    __rt_lib_init_lc_ctype_1                 0x08000231   Thumb Code     0  libinit2.o(.ARM.Collect$$libinit$$00000015)
    __rt_lib_init_lc_monetary_1              0x08000231   Thumb Code     0  libinit2.o(.ARM.Collect$$libinit$$00000017)
    __rt_lib_init_lc_numeric_2               0x08000231   Thumb Code     0  libinit2.o(.ARM.Collect$$libinit$$00000018)
    __rt_lib_init_alloca_1                   0x0800023b   Thumb Code     0  libinit2.o(.ARM.Collect$$libinit$$00000030)
    __rt_lib_init_argv_1                     0x0800023b   Thumb Code     0  libinit2.o(.ARM.Collect$$libinit$$0000002E)
    __rt_lib_init_atexit_1                   0x0800023b   Thumb Code     0  libinit2.o(.ARM.Collect$$libinit$$0000001D)
    __rt_lib_init_clock_1                    0x0800023b   Thumb Code     0  libinit2.o(.ARM.Collect$$libinit$$00000023)
    __rt_lib_init_cpp_1                      0x0800023b   Thumb Code     0  libinit2.o(.ARM.Collect$$libinit$$00000034)
    __rt_lib_init_exceptions_1               0x0800023b   Thumb Code     0  libinit2.o(.ARM.Collect$$libinit$$00000032)
    __rt_lib_init_fp_trap_1                  0x0800023b   Thumb Code     0  libinit2.o(.ARM.Collect$$libinit$$00000021)
    __rt_lib_init_getenv_1                   0x0800023b   Thumb Code     0  libinit2.o(.ARM.Collect$$libinit$$00000025)
    __rt_lib_init_lc_numeric_1               0x0800023b   Thumb Code     0  libinit2.o(.ARM.Collect$$libinit$$00000019)
    __rt_lib_init_lc_time_1                  0x0800023b   Thumb Code     0  libinit2.o(.ARM.Collect$$libinit$$0000001B)
    __rt_lib_init_return                     0x0800023b   Thumb Code     0  libinit2.o(.ARM.Collect$$libinit$$00000035)
    __rt_lib_init_signal_1                   0x0800023b   Thumb Code     0  libinit2.o(.ARM.Collect$$libinit$$0000001F)
    __rt_lib_init_stdio_1                    0x0800023b   Thumb Code     0  libinit2.o(.ARM.Collect$$libinit$$00000027)
    __rt_lib_shutdown                        0x0800023d   Thumb Code     0  libshutdown.o(.ARM.Collect$$libshutdown$$00000000)
    __rt_lib_shutdown_cpp_1                  0x0800023f   Thumb Code     0  libshutdown2.o(.ARM.Collect$$libshutdown$$00000002)
    __rt_lib_shutdown_fp_trap_1              0x0800023f   Thumb Code     0  libshutdown2.o(.ARM.Collect$$libshutdown$$00000007)
    __rt_lib_shutdown_heap_1                 0x0800023f   Thumb Code     0  libshutdown2.o(.ARM.Collect$$libshutdown$$0000000F)
    __rt_lib_shutdown_return                 0x0800023f   Thumb Code     0  libshutdown2.o(.ARM.Collect$$libshutdown$$00000010)
    __rt_lib_shutdown_signal_1               0x0800023f   Thumb Code     0  libshutdown2.o(.ARM.Collect$$libshutdown$$0000000A)
    __rt_lib_shutdown_stdio_1                0x0800023f   Thumb Code     0  libshutdown2.o(.ARM.Collect$$libshutdown$$00000004)
    __rt_lib_shutdown_user_alloc_1           0x0800023f   Thumb Code     0  libshutdown2.o(.ARM.Collect$$libshutdown$$0000000C)
    __rt_entry                               0x08000241   Thumb Code     0  __rtentry.o(.ARM.Collect$$rtentry$$00000000)
    __rt_entry_presh_1                       0x08000241   Thumb Code     0  __rtentry2.o(.ARM.Collect$$rtentry$$00000002)
    __rt_entry_sh                            0x08000241   Thumb Code     0  __rtentry4.o(.ARM.Collect$$rtentry$$00000004)
    __rt_entry_li                            0x08000247   Thumb Code     0  __rtentry2.o(.ARM.Collect$$rtentry$$0000000A)
    __rt_entry_postsh_1                      0x08000247   Thumb Code     0  __rtentry2.o(.ARM.Collect$$rtentry$$00000009)
    __rt_entry_main                          0x0800024b   Thumb Code     0  __rtentry2.o(.ARM.Collect$$rtentry$$0000000D)
    __rt_entry_postli_1                      0x0800024b   Thumb Code     0  __rtentry2.o(.ARM.Collect$$rtentry$$0000000C)
    __rt_exit                                0x08000253   Thumb Code     0  rtexit.o(.ARM.Collect$$rtexit$$00000000)
    __rt_exit_ls                             0x08000255   Thumb Code     0  rtexit2.o(.ARM.Collect$$rtexit$$00000003)
    __rt_exit_prels_1                        0x08000255   Thumb Code     0  rtexit2.o(.ARM.Collect$$rtexit$$00000002)
    __rt_exit_exit                           0x08000259   Thumb Code     0  rtexit2.o(.ARM.Collect$$rtexit$$00000004)
    Reset_Handler                            0x08000261   Thumb Code     8  startup_stm32f103xb.o(.text)
    ADC1_2_IRQHandler                        0x0800027b   Thumb Code     0  startup_stm32f103xb.o(.text)
    CAN1_RX1_IRQHandler                      0x0800027b   Thumb Code     0  startup_stm32f103xb.o(.text)
    CAN1_SCE_IRQHandler                      0x0800027b   Thumb Code     0  startup_stm32f103xb.o(.text)
    DMA1_Channel1_IRQHandler                 0x0800027b   Thumb Code     0  startup_stm32f103xb.o(.text)
    DMA1_Channel2_IRQHandler                 0x0800027b   Thumb Code     0  startup_stm32f103xb.o(.text)
    DMA1_Channel3_IRQHandler                 0x0800027b   Thumb Code     0  startup_stm32f103xb.o(.text)
    DMA1_Channel4_IRQHandler                 0x0800027b   Thumb Code     0  startup_stm32f103xb.o(.text)
    DMA1_Channel5_IRQHandler                 0x0800027b   Thumb Code     0  startup_stm32f103xb.o(.text)
    DMA1_Channel6_IRQHandler                 0x0800027b   Thumb Code     0  startup_stm32f103xb.o(.text)
    DMA1_Channel7_IRQHandler                 0x0800027b   Thumb Code     0  startup_stm32f103xb.o(.text)
    EXTI0_IRQHandler                         0x0800027b   Thumb Code     0  startup_stm32f103xb.o(.text)
    EXTI15_10_IRQHandler                     0x0800027b   Thumb Code     0  startup_stm32f103xb.o(.text)
    EXTI1_IRQHandler                         0x0800027b   Thumb Code     0  startup_stm32f103xb.o(.text)
    EXTI2_IRQHandler                         0x0800027b   Thumb Code     0  startup_stm32f103xb.o(.text)
    EXTI3_IRQHandler                         0x0800027b   Thumb Code     0  startup_stm32f103xb.o(.text)
    EXTI4_IRQHandler                         0x0800027b   Thumb Code     0  startup_stm32f103xb.o(.text)
    EXTI9_5_IRQHandler                       0x0800027b   Thumb Code     0  startup_stm32f103xb.o(.text)
    FLASH_IRQHandler                         0x0800027b   Thumb Code     0  startup_stm32f103xb.o(.text)
    I2C1_ER_IRQHandler                       0x0800027b   Thumb Code     0  startup_stm32f103xb.o(.text)
    I2C1_EV_IRQHandler                       0x0800027b   Thumb Code     0  startup_stm32f103xb.o(.text)
    I2C2_ER_IRQHandler                       0x0800027b   Thumb Code     0  startup_stm32f103xb.o(.text)
    I2C2_EV_IRQHandler                       0x0800027b   Thumb Code     0  startup_stm32f103xb.o(.text)
    PVD_IRQHandler                           0x0800027b   Thumb Code     0  startup_stm32f103xb.o(.text)
    RCC_IRQHandler                           0x0800027b   Thumb Code     0  startup_stm32f103xb.o(.text)
    RTC_Alarm_IRQHandler                     0x0800027b   Thumb Code     0  startup_stm32f103xb.o(.text)
    RTC_IRQHandler                           0x0800027b   Thumb Code     0  startup_stm32f103xb.o(.text)
    SPI1_IRQHandler                          0x0800027b   Thumb Code     0  startup_stm32f103xb.o(.text)
    SPI2_IRQHandler                          0x0800027b   Thumb Code     0  startup_stm32f103xb.o(.text)
    TAMPER_IRQHandler                        0x0800027b   Thumb Code     0  startup_stm32f103xb.o(.text)
    TIM1_BRK_IRQHandler                      0x0800027b   Thumb Code     0  startup_stm32f103xb.o(.text)
    TIM1_CC_IRQHandler                       0x0800027b   Thumb Code     0  startup_stm32f103xb.o(.text)
    TIM1_TRG_COM_IRQHandler                  0x0800027b   Thumb Code     0  startup_stm32f103xb.o(.text)
    TIM1_UP_IRQHandler                       0x0800027b   Thumb Code     0  startup_stm32f103xb.o(.text)
    TIM3_IRQHandler                          0x0800027b   Thumb Code     0  startup_stm32f103xb.o(.text)
    TIM4_IRQHandler                          0x0800027b   Thumb Code     0  startup_stm32f103xb.o(.text)
    USART2_IRQHandler                        0x0800027b   Thumb Code     0  startup_stm32f103xb.o(.text)
    USBWakeUp_IRQHandler                     0x0800027b   Thumb Code     0  startup_stm32f103xb.o(.text)
    USB_HP_CAN1_TX_IRQHandler                0x0800027b   Thumb Code     0  startup_stm32f103xb.o(.text)
    USB_LP_CAN1_RX0_IRQHandler               0x0800027b   Thumb Code     0  startup_stm32f103xb.o(.text)
    WWDG_IRQHandler                          0x0800027b   Thumb Code     0  startup_stm32f103xb.o(.text)
    __user_initial_stackheap                 0x0800027d   Thumb Code     0  startup_stm32f103xb.o(.text)
    vsprintf                                 0x080002a1   Thumb Code    32  vsprintf.o(.text)
    __aeabi_memcpy                           0x080002c5   Thumb Code     0  rt_memcpy_v6.o(.text)
    __rt_memcpy                              0x080002c5   Thumb Code   138  rt_memcpy_v6.o(.text)
    _memcpy_lastbytes                        0x0800032b   Thumb Code     0  rt_memcpy_v6.o(.text)
    __aeabi_memclr4                          0x0800034f   Thumb Code     0  rt_memclr_w.o(.text)
    __aeabi_memclr8                          0x0800034f   Thumb Code     0  rt_memclr_w.o(.text)
    __rt_memclr_w                            0x0800034f   Thumb Code     0  rt_memclr_w.o(.text)
    _memset_w                                0x08000353   Thumb Code    74  rt_memclr_w.o(.text)
    strcmp                                   0x0800039d   Thumb Code   128  strcmpv7m.o(.text)
    __use_two_region_memory                  0x0800041d   Thumb Code     2  heapauxi.o(.text)
    __rt_heap_escrow$2region                 0x0800041f   Thumb Code     2  heapauxi.o(.text)
    __rt_heap_expand$2region                 0x08000421   Thumb Code     2  heapauxi.o(.text)
    _printf_pre_padding                      0x08000423   Thumb Code    44  _printf_pad.o(.text)
    _printf_post_padding                     0x0800044f   Thumb Code    34  _printf_pad.o(.text)
    _printf_truncate_signed                  0x08000471   Thumb Code    18  _printf_truncate.o(.text)
    _printf_truncate_unsigned                0x08000483   Thumb Code    18  _printf_truncate.o(.text)
    _printf_str                              0x08000495   Thumb Code    82  _printf_str.o(.text)
    _printf_int_dec                          0x080004e9   Thumb Code   104  _printf_dec.o(.text)
    _printf_charcount                        0x08000561   Thumb Code    40  _printf_charcount.o(.text)
    _printf_char_common                      0x08000593   Thumb Code    32  _printf_char_common.o(.text)
    _sputc                                   0x080005b9   Thumb Code    10  _sputc.o(.text)
    _printf_wctomb                           0x080005c5   Thumb Code   182  _printf_wctomb.o(.text)
    _printf_longlong_dec                     0x08000681   Thumb Code   108  _printf_longlong_dec.o(.text)
    _printf_longlong_oct                     0x080006fd   Thumb Code    68  _printf_oct_int_ll.o(.text)
    _printf_int_oct                          0x08000741   Thumb Code    24  _printf_oct_int_ll.o(.text)
    _printf_ll_oct                           0x08000759   Thumb Code    12  _printf_oct_int_ll.o(.text)
    _printf_longlong_hex                     0x0800076d   Thumb Code    86  _printf_hex_int_ll_ptr.o(.text)
    _printf_int_hex                          0x080007c3   Thumb Code    28  _printf_hex_int_ll_ptr.o(.text)
    _printf_ll_hex                           0x080007df   Thumb Code    12  _printf_hex_int_ll_ptr.o(.text)
    _printf_hex_ptr                          0x080007eb   Thumb Code    18  _printf_hex_int_ll_ptr.o(.text)
    __printf                                 0x08000801   Thumb Code   388  __printf_flags_ss_wp.o(.text)
    __aeabi_memcpy4                          0x08000989   Thumb Code     0  rt_memcpy_w.o(.text)
    __aeabi_memcpy8                          0x08000989   Thumb Code     0  rt_memcpy_w.o(.text)
    __rt_memcpy_w                            0x08000989   Thumb Code   100  rt_memcpy_w.o(.text)
    _memcpy_lastbytes_aligned                0x080009d1   Thumb Code     0  rt_memcpy_w.o(.text)
    _ll_udiv10                               0x080009ed   Thumb Code   138  lludiv10.o(.text)
    _printf_int_common                       0x08000a77   Thumb Code   178  _printf_intcommon.o(.text)
    _printf_fp_dec_real                      0x08000cd9   Thumb Code   620  _printf_fp_dec.o(.text)
    _printf_fp_hex_real                      0x08000f45   Thumb Code   756  _printf_fp_hex.o(.text)
    _printf_cs_common                        0x08001241   Thumb Code    20  _printf_char.o(.text)
    _printf_char                             0x08001255   Thumb Code    16  _printf_char.o(.text)
    _printf_string                           0x08001265   Thumb Code     8  _printf_char.o(.text)
    _printf_lcs_common                       0x0800126d   Thumb Code    20  _printf_wchar.o(.text)
    _printf_wchar                            0x08001281   Thumb Code    16  _printf_wchar.o(.text)
    _printf_wstring                          0x08001291   Thumb Code     8  _printf_wchar.o(.text)
    _c16rtomb                                0x08001299   Thumb Code    72  _c16rtomb.o(.text)
    _wcrtomb                                 0x08001299   Thumb Code     0  _c16rtomb.o(.text)
    __user_libspace                          0x080012e1   Thumb Code     8  libspace.o(.text)
    __user_perproc_libspace                  0x080012e1   Thumb Code     0  libspace.o(.text)
    __user_perthread_libspace                0x080012e1   Thumb Code     0  libspace.o(.text)
    __user_setup_stackheap                   0x080012e9   Thumb Code    74  sys_stackheap_outer.o(.text)
    __rt_ctype_table                         0x08001335   Thumb Code    16  rt_ctype_table.o(.text)
    __rt_locale                              0x08001345   Thumb Code     8  rt_locale_intlibspace.o(.text)
    _printf_fp_infnan                        0x0800134d   Thumb Code   112  _printf_fp_infnan.o(.text)
    _btod_etento                             0x080013cd   Thumb Code   224  bigflt0.o(.text)
    exit                                     0x080014b1   Thumb Code    18  exit.o(.text)
    _sys_exit                                0x080014c5   Thumb Code     8  sys_exit.o(.text)
    __I$use$semihosting                      0x080014d1   Thumb Code     0  use_no_semi.o(.text)
    __use_no_semihosting_swi                 0x080014d1   Thumb Code     2  use_no_semi.o(.text)
    __semihosting_library_function           0x080014d3   Thumb Code     0  indicate_semi.o(.text)
    All_Work                                 0x080014d5   Thumb Code    26  work.o(.text.All_Work)
    Arithmetic_Data                          0x080014f1   Thumb Code   180  work.o(.text.Arithmetic_Data)
    BusFault_Handler                         0x080015a5   Thumb Code     2  stm32f1xx_it.o(.text.BusFault_Handler)
    DebugMon_Handler                         0x080015a9   Thumb Code     2  stm32f1xx_it.o(.text.DebugMon_Handler)
    Error_Handler                            0x080015ad   Thumb Code    10  main.o(.text.Error_Handler)
    HAL_DMA_Abort                            0x080015b9   Thumb Code    64  stm32f1xx_hal_dma.o(.text.HAL_DMA_Abort)
    HAL_DMA_Abort_IT                         0x080015f9   Thumb Code   178  stm32f1xx_hal_dma.o(.text.HAL_DMA_Abort_IT)
    HAL_GPIO_Init                            0x080016ad   Thumb Code   514  stm32f1xx_hal_gpio.o(.text.HAL_GPIO_Init)
    HAL_GPIO_ReadPin                         0x080018b1   Thumb Code    10  stm32f1xx_hal_gpio.o(.text.HAL_GPIO_ReadPin)
    HAL_GPIO_WritePin                        0x080018bd   Thumb Code    10  stm32f1xx_hal_gpio.o(.text.HAL_GPIO_WritePin)
    HAL_GetTick                              0x080018c9   Thumb Code    12  stm32f1xx_hal.o(.text.HAL_GetTick)
    HAL_IncTick                              0x080018d5   Thumb Code    26  stm32f1xx_hal.o(.text.HAL_IncTick)
    HAL_Init                                 0x080018f1   Thumb Code    38  stm32f1xx_hal.o(.text.HAL_Init)
    HAL_InitTick                             0x08001919   Thumb Code    80  stm32f1xx_hal.o(.text.HAL_InitTick)
    HAL_MspInit                              0x08001969   Thumb Code    66  stm32f1xx_hal_msp.o(.text.HAL_MspInit)
    HAL_NVIC_EnableIRQ                       0x080019ad   Thumb Code    34  stm32f1xx_hal_cortex.o(.text.HAL_NVIC_EnableIRQ)
    HAL_NVIC_SetPriority                     0x080019d1   Thumb Code    86  stm32f1xx_hal_cortex.o(.text.HAL_NVIC_SetPriority)
    HAL_NVIC_SetPriorityGrouping             0x08001a29   Thumb Code    32  stm32f1xx_hal_cortex.o(.text.HAL_NVIC_SetPriorityGrouping)
    HAL_RCC_ClockConfig                      0x08001a49   Thumb Code   434  stm32f1xx_hal_rcc.o(.text.HAL_RCC_ClockConfig)
    HAL_RCC_GetPCLK1Freq                     0x08001bfd   Thumb Code    38  stm32f1xx_hal_rcc.o(.text.HAL_RCC_GetPCLK1Freq)
    HAL_RCC_GetPCLK2Freq                     0x08001c25   Thumb Code    38  stm32f1xx_hal_rcc.o(.text.HAL_RCC_GetPCLK2Freq)
    HAL_RCC_OscConfig                        0x08001c4d   Thumb Code   824  stm32f1xx_hal_rcc.o(.text.HAL_RCC_OscConfig)
    HAL_SYSTICK_Config                       0x08001f85   Thumb Code    44  stm32f1xx_hal_cortex.o(.text.HAL_SYSTICK_Config)
    HAL_TIMEx_BreakCallback                  0x08001fb1   Thumb Code     2  stm32f1xx_hal_tim_ex.o(.text.HAL_TIMEx_BreakCallback)
    HAL_TIMEx_CommutCallback                 0x08001fb5   Thumb Code     2  stm32f1xx_hal_tim_ex.o(.text.HAL_TIMEx_CommutCallback)
    HAL_TIMEx_MasterConfigSynchronization    0x08001fb9   Thumb Code   122  stm32f1xx_hal_tim_ex.o(.text.HAL_TIMEx_MasterConfigSynchronization)
    HAL_TIM_Base_Init                        0x08002035   Thumb Code   230  stm32f1xx_hal_tim.o(.text.HAL_TIM_Base_Init)
    HAL_TIM_Base_MspInit                     0x0800211d   Thumb Code    62  tim.o(.text.HAL_TIM_Base_MspInit)
    HAL_TIM_Base_Start_IT                    0x0800215d   Thumb Code   102  stm32f1xx_hal_tim.o(.text.HAL_TIM_Base_Start_IT)
    HAL_TIM_ConfigClockSource                0x080021c5   Thumb Code   416  stm32f1xx_hal_tim.o(.text.HAL_TIM_ConfigClockSource)
    HAL_TIM_IC_CaptureCallback               0x08002365   Thumb Code     2  stm32f1xx_hal_tim.o(.text.HAL_TIM_IC_CaptureCallback)
    HAL_TIM_IRQHandler                       0x08002369   Thumb Code   330  stm32f1xx_hal_tim.o(.text.HAL_TIM_IRQHandler)
    HAL_TIM_OC_DelayElapsedCallback          0x080024b5   Thumb Code     2  stm32f1xx_hal_tim.o(.text.HAL_TIM_OC_DelayElapsedCallback)
    HAL_TIM_PWM_PulseFinishedCallback        0x080024b9   Thumb Code     2  stm32f1xx_hal_tim.o(.text.HAL_TIM_PWM_PulseFinishedCallback)
    HAL_TIM_PeriodElapsedCallback            0x080024bd   Thumb Code     2  main.o(.text.HAL_TIM_PeriodElapsedCallback)
    HAL_TIM_TriggerCallback                  0x080024c1   Thumb Code     2  stm32f1xx_hal_tim.o(.text.HAL_TIM_TriggerCallback)
    HAL_UARTEx_RxEventCallback               0x080024c5   Thumb Code     2  stm32f1xx_hal_uart.o(.text.HAL_UARTEx_RxEventCallback)
    HAL_UART_ErrorCallback                   0x080024c9   Thumb Code     2  stm32f1xx_hal_uart.o(.text.HAL_UART_ErrorCallback)
    HAL_UART_IRQHandler                      0x080024cd   Thumb Code   770  stm32f1xx_hal_uart.o(.text.HAL_UART_IRQHandler)
    HAL_UART_Init                            0x080027d1   Thumb Code   224  stm32f1xx_hal_uart.o(.text.HAL_UART_Init)
    HAL_UART_MspInit                         0x080028b1   Thumb Code   230  usart.o(.text.HAL_UART_MspInit)
    HAL_UART_Receive_IT                      0x08002999   Thumb Code    84  stm32f1xx_hal_uart.o(.text.HAL_UART_Receive_IT)
    HAL_UART_RxCpltCallback                  0x080029ed   Thumb Code   254  main.o(.text.HAL_UART_RxCpltCallback)
    HAL_UART_Transmit                        0x08002aed   Thumb Code   244  stm32f1xx_hal_uart.o(.text.HAL_UART_Transmit)
    HAL_UART_TxCpltCallback                  0x08002be1   Thumb Code     2  stm32f1xx_hal_uart.o(.text.HAL_UART_TxCpltCallback)
    HardFault_Handler                        0x08002be5   Thumb Code     2  stm32f1xx_it.o(.text.HardFault_Handler)
    JOHO_Package2RingBuffer                  0x08002be9   Thumb Code    76  uart_servo_lite.o(.text.JOHO_Package2RingBuffer)
    JOHO_PackageBuild_Send                   0x08002c35   Thumb Code   102  uart_servo_lite.o(.text.JOHO_PackageBuild_Send)
    MX_GPIO_Init                             0x08002c9d   Thumb Code   182  gpio.o(.text.MX_GPIO_Init)
    MX_TIM2_Init                             0x08002d55   Thumb Code   120  tim.o(.text.MX_TIM2_Init)
    MX_USART1_UART_Init                      0x08002dcd   Thumb Code    60  usart.o(.text.MX_USART1_UART_Init)
    MX_USART3_UART_Init                      0x08002e09   Thumb Code    60  usart.o(.text.MX_USART3_UART_Init)
    Matrix_Key_GetDownNum                    0x08002e45   Thumb Code    82  key.o(.text.Matrix_Key_GetDownNum)
    Matrix_Key_RowScan                       0x08002e99   Thumb Code   138  key.o(.text.Matrix_Key_RowScan)
    MeGet_GETPositionVal                     0x08002f25   Thumb Code    94  uart_servo_lite.o(.text.MeGet_GETPositionVal)
    MeSet_ServoAngle                         0x08002f85   Thumb Code   134  uart_servo_lite.o(.text.MeSet_ServoAngle)
    MemManage_Handler                        0x0800300d   Thumb Code     2  stm32f1xx_it.o(.text.MemManage_Handler)
    Mode_1_Work                              0x08003011   Thumb Code   448  work.o(.text.Mode_1_Work)
    Mode_2_Work                              0x080031d1   Thumb Code    84  work.o(.text.Mode_2_Work)
    Mode_3_Work                              0x08003229   Thumb Code   120  work.o(.text.Mode_3_Work)
    Mode_Change_Work                         0x080032ad   Thumb Code   104  work.o(.text.Mode_Change_Work)
    NMI_Handler                              0x08003315   Thumb Code     2  stm32f1xx_it.o(.text.NMI_Handler)
    OLED_Clear                               0x08003319   Thumb Code    20  oled.o(.text.OLED_Clear)
    OLED_I2C_SendByte                        0x0800332d   Thumb Code    82  oled.o(.text.OLED_I2C_SendByte)
    OLED_Init                                0x08003381   Thumb Code   230  oled.o(.text.OLED_Init)
    OLED_Printf                              0x08003469   Thumb Code    40  oled.o(.text.OLED_Printf)
    OLED_ShowImage                           0x08003491   Thumb Code   298  oled.o(.text.OLED_ShowImage)
    OLED_ShowString                          0x080035bd   Thumb Code   478  oled.o(.text.OLED_ShowString)
    OLED_Update                              0x0800379d   Thumb Code    54  oled.o(.text.OLED_Update)
    OLED_Work                                0x080037d5   Thumb Code   684  work.o(.text.OLED_Work)
    OLED_WriteCommand                        0x08003a89   Thumb Code   154  oled.o(.text.OLED_WriteCommand)
    OLED_WriteData                           0x08003b25   Thumb Code   118  oled.o(.text.OLED_WriteData)
    PendSV_Handler                           0x08003b9d   Thumb Code     2  stm32f1xx_it.o(.text.PendSV_Handler)
    RingBuffer_GetByteUsed                   0x08003ba1   Thumb Code    20  ring_buffer.o(.text.RingBuffer_GetByteUsed)
    RingBuffer_GetChecksum                   0x08003bb5   Thumb Code   108  ring_buffer.o(.text.RingBuffer_GetChecksum)
    RingBuffer_GetValueByIndex               0x08003c21   Thumb Code    50  ring_buffer.o(.text.RingBuffer_GetValueByIndex)
    RingBuffer_Init                          0x08003c55   Thumb Code    42  ring_buffer.o(.text.RingBuffer_Init)
    RingBuffer_Pop                           0x08003c81   Thumb Code    52  ring_buffer.o(.text.RingBuffer_Pop)
    RingBuffer_Push                          0x08003cb5   Thumb Code    82  ring_buffer.o(.text.RingBuffer_Push)
    RingBuffer_ReadByte                      0x08003d09   Thumb Code    52  ring_buffer.o(.text.RingBuffer_ReadByte)
    RingBuffer_WriteByte                     0x08003d3d   Thumb Code    82  ring_buffer.o(.text.RingBuffer_WriteByte)
    RingBuffer_WriteByteArray                0x08003d91   Thumb Code   106  ring_buffer.o(.text.RingBuffer_WriteByteArray)
    RingBuffer_WriteUShort                   0x08003dfd   Thumb Code   108  ring_buffer.o(.text.RingBuffer_WriteUShort)
    SVC_Handler                              0x08003e69   Thumb Code     2  stm32f1xx_it.o(.text.SVC_Handler)
    SysTick_CountdownBegin                   0x08003e6d   Thumb Code    36  sys_tick.o(.text.SysTick_CountdownBegin)
    SysTick_CountdownCancel                  0x08003e91   Thumb Code    30  sys_tick.o(.text.SysTick_CountdownCancel)
    SysTick_CountdownIsTimeout               0x08003eb1   Thumb Code    18  sys_tick.o(.text.SysTick_CountdownIsTimeout)
    SysTick_DelayMs                          0x08003ec5   Thumb Code    50  sys_tick.o(.text.SysTick_DelayMs)
    SysTick_Handler                          0x08003ef9   Thumb Code    26  stm32f1xx_it.o(.text.SysTick_Handler)
    SysTick_Init                             0x08003f15   Thumb Code    78  sys_tick.o(.text.SysTick_Init)
    SystemInit                               0x08003f65   Thumb Code     2  system_stm32f1xx.o(.text.SystemInit)
    TIM2_IRQHandler                          0x08003f69   Thumb Code    12  stm32f1xx_it.o(.text.TIM2_IRQHandler)
    USART1_IRQHandler                        0x08004041   Thumb Code    12  stm32f1xx_it.o(.text.USART1_IRQHandler)
    USART3_IRQHandler                        0x0800404d   Thumb Code    12  stm32f1xx_it.o(.text.USART3_IRQHandler)
    USL_RecvPackage                          0x08004059   Thumb Code   338  uart_servo_lite.o(.text.USL_RecvPackage)
    UsageFault_Handler                       0x080041ad   Thumb Code     2  stm32f1xx_it.o(.text.UsageFault_Handler)
    Usart_Init                               0x080041b1   Thumb Code    78  uart_servo_lite.o(.text.Usart_Init)
    main                                     0x08004201   Thumb Code   206  main.o(.text.main)
    _btod_d2e                                0x080042cf   Thumb Code    62  btod.o(CL$$btod_d2e)
    _d2e_denorm_low                          0x0800430d   Thumb Code    70  btod.o(CL$$btod_d2e_denorm_low)
    _d2e_norm_op1                            0x08004353   Thumb Code    96  btod.o(CL$$btod_d2e_norm_op1)
    __btod_div_common                        0x080043b5   Thumb Code   696  btod.o(CL$$btod_div_common)
    _e2e                                     0x080046ed   Thumb Code   220  btod.o(CL$$btod_e2e)
    _btod_ediv                               0x080047c9   Thumb Code    42  btod.o(CL$$btod_ediv)
    _btod_emul                               0x080047f3   Thumb Code    42  btod.o(CL$$btod_emul)
    __btod_mult_common                       0x0800481d   Thumb Code   580  btod.o(CL$$btod_mult_common)
    __ARM_fpclassify                         0x08004a61   Thumb Code    40  fpclassify.o(i.__ARM_fpclassify)
    _is_digit                                0x08004a89   Thumb Code    14  __printf_wp.o(i._is_digit)
    _get_lc_numeric                          0x08004a99   Thumb Code    44  lc_numeric_c.o(locale$$code)
    _get_lc_ctype                            0x08004ac5   Thumb Code    44  lc_ctype_c.o(locale$$code)
    __fpl_dretinf                            0x08004af1   Thumb Code    12  dretinf.o(x$fpl$dretinf)
    __aeabi_f2d                              0x08004afd   Thumb Code     0  f2d.o(x$fpl$f2d)
    _f2d                                     0x08004afd   Thumb Code    86  f2d.o(x$fpl$f2d)
    __aeabi_fadd                             0x08004b55   Thumb Code     0  faddsub_clz.o(x$fpl$fadd)
    _fadd                                    0x08004b55   Thumb Code   196  faddsub_clz.o(x$fpl$fadd)
    __aeabi_fcmpeq                           0x08004c19   Thumb Code     0  fcmp.o(x$fpl$fcmp)
    _feq                                     0x08004c19   Thumb Code    14  fcmp.o(x$fpl$fcmp)
    _fneq                                    0x08004c27   Thumb Code    14  fcmp.o(x$fpl$fcmp)
    __aeabi_fcmpgt                           0x08004c35   Thumb Code     0  fcmp.o(x$fpl$fcmp)
    _fgr                                     0x08004c35   Thumb Code    14  fcmp.o(x$fpl$fcmp)
    __aeabi_fcmpge                           0x08004c43   Thumb Code     0  fcmp.o(x$fpl$fcmp)
    _fgeq                                    0x08004c43   Thumb Code    14  fcmp.o(x$fpl$fcmp)
    __aeabi_fcmple                           0x08004c51   Thumb Code     0  fcmp.o(x$fpl$fcmp)
    _fleq                                    0x08004c51   Thumb Code    14  fcmp.o(x$fpl$fcmp)
    __aeabi_fcmplt                           0x08004c5f   Thumb Code     0  fcmp.o(x$fpl$fcmp)
    _fls                                     0x08004c5f   Thumb Code    14  fcmp.o(x$fpl$fcmp)
    __fpl_fcmp_Inf                           0x08004c6d   Thumb Code    24  fcmpi.o(x$fpl$fcmpinf)
    __aeabi_fdiv                             0x08004c85   Thumb Code     0  fdiv.o(x$fpl$fdiv)
    _fdiv                                    0x08004c85   Thumb Code   384  fdiv.o(x$fpl$fdiv)
    __aeabi_cfcmpeq                          0x08004e09   Thumb Code     0  feqf.o(x$fpl$feqf)
    _fcmpeq                                  0x08004e09   Thumb Code   104  feqf.o(x$fpl$feqf)
    __aeabi_f2iz                             0x08004e71   Thumb Code     0  ffix.o(x$fpl$ffix)
    _ffix                                    0x08004e71   Thumb Code    54  ffix.o(x$fpl$ffix)
    __aeabi_i2f                              0x08004ea9   Thumb Code     0  fflt_clz.o(x$fpl$fflt)
    _fflt                                    0x08004ea9   Thumb Code    48  fflt_clz.o(x$fpl$fflt)
    __aeabi_ui2f                             0x08004ed9   Thumb Code     0  fflt_clz.o(x$fpl$ffltu)
    _ffltu                                   0x08004ed9   Thumb Code    38  fflt_clz.o(x$fpl$ffltu)
    _fcmpge                                  0x08004f01   Thumb Code   104  fgeqf.o(x$fpl$fgeqf)
    __aeabi_cfcmple                          0x08004f69   Thumb Code     0  fleqf.o(x$fpl$fleqf)
    _fcmple                                  0x08004f69   Thumb Code   104  fleqf.o(x$fpl$fleqf)
    __fpl_fcmple_InfNaN                      0x08004fbb   Thumb Code     0  fleqf.o(x$fpl$fleqf)
    __aeabi_fmul                             0x08004fd1   Thumb Code     0  fmul.o(x$fpl$fmul)
    _fmul                                    0x08004fd1   Thumb Code   258  fmul.o(x$fpl$fmul)
    __fpl_fnaninf                            0x080050d3   Thumb Code   140  fnaninf.o(x$fpl$fnaninf)
    __fpl_fretinf                            0x0800515f   Thumb Code    10  fretinf.o(x$fpl$fretinf)
    __aeabi_fsub                             0x08005169   Thumb Code     0  faddsub_clz.o(x$fpl$fsub)
    _fsub                                    0x08005169   Thumb Code   234  faddsub_clz.o(x$fpl$fsub)
    _printf_fp_dec                           0x08005253   Thumb Code     4  printf1.o(x$fpl$printf1)
    _printf_fp_hex                           0x08005257   Thumb Code     4  printf2.o(x$fpl$printf2)
    __I$use$fp                               0x0800525a   Number         0  usenofp.o(x$fpl$usenofp)
    AHBPrescTable                            0x08005358   Data          16  system_stm32f1xx.o(.rodata.AHBPrescTable)
    APBPrescTable                            0x08005368   Data           8  system_stm32f1xx.o(.rodata.APBPrescTable)
    OLED_CF16x16                             0x08005372   Data         259  oled_data.o(.rodata.OLED_CF16x16)
    OLED_F6x8                                0x08005475   Data         570  oled_data.o(.rodata.OLED_F6x8)
    OLED_F8x16                               0x080056af   Data        1520  oled_data.o(.rodata.OLED_F8x16)
    Region$$Table$$Base                      0x08005cd8   Number         0  anon$$obj.o(Region$$Table)
    Region$$Table$$Limit                     0x08005cf8   Number         0  anon$$obj.o(Region$$Table)
    __ctype                                  0x08005d21   Data           0  lc_ctype_c.o(locale$$data)
    Mode                                     0x20000000   Data           1  work.o(.data.Mode)
    Packet_type                              0x20000001   Data           1  main.o(.data.Packet_type)
    SystemCoreClock                          0x20000004   Data           4  system_stm32f1xx.o(.data.SystemCoreClock)
    servoUsart                               0x20000008   Data           4  work.o(.data.servoUsart)
    uwTickFreq                               0x2000000c   Data           1  stm32f1xx_hal.o(.data.uwTickFreq)
    uwTickPrio                               0x20000010   Data           4  stm32f1xx_hal.o(.data.uwTickPrio)
    __libspace_start                         0x20000018   Data          96  libspace.o(.bss)
    Add_X_coordinate                         0x20000078   Data           4  work.o(.bss.Add_X_coordinate)
    __temporary_stack_top$libspace           0x20000078   Data           0  libspace.o(.bss)
    Add_Y_coordinate                         0x2000007c   Data           4  work.o(.bss.Add_Y_coordinate)
    Back_central_x                           0x20000080   Data           4  work.o(.bss.Back_central_x)
    Back_central_y                           0x20000084   Data           4  work.o(.bss.Back_central_y)
    Mode3_Save_Data_flag                     0x20000088   Data           1  work.o(.bss.Mode3_Save_Data_flag)
    Mode_1_Package                           0x20000089   Data           4  main.o(.bss.Mode_1_Package)
    Mode_3_1_Package                         0x2000008d   Data          10  main.o(.bss.Mode_3_1_Package)
    Mode_3_2_Package                         0x20000097   Data           4  main.o(.bss.Mode_3_2_Package)
    OLED_DisplayBuf                          0x2000009c   Data        1024  oled.o(.bss.OLED_DisplayBuf)
    Rx_1_Data                                0x2000049c   Data           1  main.o(.bss.Rx_1_Data)
    Rx_Pointer                               0x2000049d   Data           1  main.o(.bss.Rx_Pointer)
    Save_Star_Data_X                         0x200004a0   Data          16  work.o(.bss.Save_Star_Data_X)
    Save_Star_Data_Y                         0x200004b0   Data          16  work.o(.bss.Save_Star_Data_Y)
    curAngle_x                               0x200004c0   Data           4  work.o(.bss.curAngle_x)
    curAngle_y                               0x200004c4   Data           4  work.o(.bss.curAngle_y)
    htim2                                    0x200004c8   Data          72  tim.o(.bss.htim2)
    huart1                                   0x20000510   Data          72  usart.o(.bss.huart1)
    huart3                                   0x20000558   Data          72  usart.o(.bss.huart3)
    read_flag                                0x200005a0   Data           1  work.o(.bss.read_flag)
    sysTickCnt                               0x200005a4   Data           4  sys_tick.o(.bss.sysTickCnt)
    ucTemp1                                  0x200005a8   Data           1  main.o(.bss.ucTemp1)
    usart1                                   0x200005ac   Data          12  uart_servo_lite.o(.bss.usart1)
    usart1RecvBuf                            0x200005b8   Data         501  uart_servo_lite.o(.bss.usart1RecvBuf)
    usart1RecvRingBuf                        0x200007b0   Data          12  uart_servo_lite.o(.bss.usart1RecvRingBuf)
    usart1SendBuf                            0x200007bc   Data         501  uart_servo_lite.o(.bss.usart1SendBuf)
    usart1SendRingBuf                        0x200009b4   Data          12  uart_servo_lite.o(.bss.usart1SendRingBuf)
    uwTick                                   0x200009c0   Data           4  stm32f1xx_hal.o(.bss.uwTick)



==============================================================================

Memory Map of the image

  Image Entry point : 0x080000ed

  Load Region LR_IROM1 (Base: 0x08000000, Size: 0x00005e40, Max: 0x00010000, ABSOLUTE)

    Execution Region ER_IROM1 (Exec base: 0x08000000, Load base: 0x08000000, Size: 0x00005e24, Max: 0x00010000, ABSOLUTE)

    Exec Addr    Load Addr    Size         Type   Attr      Idx    E Section Name        Object

    0x08000000   0x08000000   0x000000ec   Data   RO            3    RESET               startup_stm32f103xb.o
    0x080000ec   0x080000ec   0x00000008   Code   RO         1202  * !!!main             c_w.l(__main.o)
    0x080000f4   0x080000f4   0x0000005c   Code   RO         1666    !!!scatter          c_w.l(__scatter.o)
    0x08000150   0x08000150   0x0000001a   Code   RO         1670    !!handler_copy      c_w.l(__scatter_copy.o)
    0x0800016a   0x0800016a   0x00000002   PAD
    0x0800016c   0x0800016c   0x00000002   Code   RO         1667    !!handler_null      c_w.l(__scatter.o)
    0x0800016e   0x0800016e   0x00000002   PAD
    0x08000170   0x08000170   0x0000001c   Code   RO         1672    !!handler_zi        c_w.l(__scatter_zi.o)
    0x0800018c   0x0800018c   0x00000000   Code   RO         1350    .ARM.Collect$$_printf_percent$$00000000  c_w.l(_printf_percent.o)
    0x0800018c   0x0800018c   0x00000006   Code   RO         1339    .ARM.Collect$$_printf_percent$$00000001  c_w.l(_printf_n.o)
    0x08000192   0x08000192   0x00000006   Code   RO         1341    .ARM.Collect$$_printf_percent$$00000002  c_w.l(_printf_p.o)
    0x08000198   0x08000198   0x00000006   Code   RO         1346    .ARM.Collect$$_printf_percent$$00000003  c_w.l(_printf_f.o)
    0x0800019e   0x0800019e   0x00000006   Code   RO         1347    .ARM.Collect$$_printf_percent$$00000004  c_w.l(_printf_e.o)
    0x080001a4   0x080001a4   0x00000006   Code   RO         1348    .ARM.Collect$$_printf_percent$$00000005  c_w.l(_printf_g.o)
    0x080001aa   0x080001aa   0x00000006   Code   RO         1349    .ARM.Collect$$_printf_percent$$00000006  c_w.l(_printf_a.o)
    0x080001b0   0x080001b0   0x0000000a   Code   RO         1354    .ARM.Collect$$_printf_percent$$00000007  c_w.l(_printf_ll.o)
    0x080001ba   0x080001ba   0x00000006   Code   RO         1343    .ARM.Collect$$_printf_percent$$00000008  c_w.l(_printf_i.o)
    0x080001c0   0x080001c0   0x00000006   Code   RO         1344    .ARM.Collect$$_printf_percent$$00000009  c_w.l(_printf_d.o)
    0x080001c6   0x080001c6   0x00000006   Code   RO         1345    .ARM.Collect$$_printf_percent$$0000000A  c_w.l(_printf_u.o)
    0x080001cc   0x080001cc   0x00000006   Code   RO         1342    .ARM.Collect$$_printf_percent$$0000000B  c_w.l(_printf_o.o)
    0x080001d2   0x080001d2   0x00000006   Code   RO         1340    .ARM.Collect$$_printf_percent$$0000000C  c_w.l(_printf_x.o)
    0x080001d8   0x080001d8   0x00000006   Code   RO         1351    .ARM.Collect$$_printf_percent$$0000000D  c_w.l(_printf_lli.o)
    0x080001de   0x080001de   0x00000006   Code   RO         1352    .ARM.Collect$$_printf_percent$$0000000E  c_w.l(_printf_lld.o)
    0x080001e4   0x080001e4   0x00000006   Code   RO         1353    .ARM.Collect$$_printf_percent$$0000000F  c_w.l(_printf_llu.o)
    0x080001ea   0x080001ea   0x00000006   Code   RO         1358    .ARM.Collect$$_printf_percent$$00000010  c_w.l(_printf_llo.o)
    0x080001f0   0x080001f0   0x00000006   Code   RO         1359    .ARM.Collect$$_printf_percent$$00000011  c_w.l(_printf_llx.o)
    0x080001f6   0x080001f6   0x0000000a   Code   RO         1355    .ARM.Collect$$_printf_percent$$00000012  c_w.l(_printf_l.o)
    0x08000200   0x08000200   0x00000006   Code   RO         1337    .ARM.Collect$$_printf_percent$$00000013  c_w.l(_printf_c.o)
    0x08000206   0x08000206   0x00000006   Code   RO         1338    .ARM.Collect$$_printf_percent$$00000014  c_w.l(_printf_s.o)
    0x0800020c   0x0800020c   0x00000006   Code   RO         1356    .ARM.Collect$$_printf_percent$$00000015  c_w.l(_printf_lc.o)
    0x08000212   0x08000212   0x00000006   Code   RO         1357    .ARM.Collect$$_printf_percent$$00000016  c_w.l(_printf_ls.o)
    0x08000218   0x08000218   0x00000004   Code   RO         1452    .ARM.Collect$$_printf_percent$$00000017  c_w.l(_printf_percent_end.o)
    0x0800021c   0x0800021c   0x00000002   Code   RO         1516    .ARM.Collect$$libinit$$00000000  c_w.l(libinit.o)
    0x0800021e   0x0800021e   0x00000000   Code   RO         1529    .ARM.Collect$$libinit$$00000002  c_w.l(libinit2.o)
    0x0800021e   0x0800021e   0x00000000   Code   RO         1531    .ARM.Collect$$libinit$$00000004  c_w.l(libinit2.o)
    0x0800021e   0x0800021e   0x00000000   Code   RO         1533    .ARM.Collect$$libinit$$00000006  c_w.l(libinit2.o)
    0x0800021e   0x0800021e   0x00000000   Code   RO         1536    .ARM.Collect$$libinit$$0000000C  c_w.l(libinit2.o)
    0x0800021e   0x0800021e   0x00000000   Code   RO         1538    .ARM.Collect$$libinit$$0000000E  c_w.l(libinit2.o)
    0x0800021e   0x0800021e   0x00000000   Code   RO         1540    .ARM.Collect$$libinit$$00000010  c_w.l(libinit2.o)
    0x0800021e   0x0800021e   0x00000006   Code   RO         1541    .ARM.Collect$$libinit$$00000011  c_w.l(libinit2.o)
    0x08000224   0x08000224   0x00000000   Code   RO         1543    .ARM.Collect$$libinit$$00000013  c_w.l(libinit2.o)
    0x08000224   0x08000224   0x0000000c   Code   RO         1544    .ARM.Collect$$libinit$$00000014  c_w.l(libinit2.o)
    0x08000230   0x08000230   0x00000000   Code   RO         1545    .ARM.Collect$$libinit$$00000015  c_w.l(libinit2.o)
    0x08000230   0x08000230   0x00000000   Code   RO         1547    .ARM.Collect$$libinit$$00000017  c_w.l(libinit2.o)
    0x08000230   0x08000230   0x0000000a   Code   RO         1548    .ARM.Collect$$libinit$$00000018  c_w.l(libinit2.o)
    0x0800023a   0x0800023a   0x00000000   Code   RO         1549    .ARM.Collect$$libinit$$00000019  c_w.l(libinit2.o)
    0x0800023a   0x0800023a   0x00000000   Code   RO         1551    .ARM.Collect$$libinit$$0000001B  c_w.l(libinit2.o)
    0x0800023a   0x0800023a   0x00000000   Code   RO         1553    .ARM.Collect$$libinit$$0000001D  c_w.l(libinit2.o)
    0x0800023a   0x0800023a   0x00000000   Code   RO         1555    .ARM.Collect$$libinit$$0000001F  c_w.l(libinit2.o)
    0x0800023a   0x0800023a   0x00000000   Code   RO         1557    .ARM.Collect$$libinit$$00000021  c_w.l(libinit2.o)
    0x0800023a   0x0800023a   0x00000000   Code   RO         1559    .ARM.Collect$$libinit$$00000023  c_w.l(libinit2.o)
    0x0800023a   0x0800023a   0x00000000   Code   RO         1561    .ARM.Collect$$libinit$$00000025  c_w.l(libinit2.o)
    0x0800023a   0x0800023a   0x00000000   Code   RO         1563    .ARM.Collect$$libinit$$00000027  c_w.l(libinit2.o)
    0x0800023a   0x0800023a   0x00000000   Code   RO         1567    .ARM.Collect$$libinit$$0000002E  c_w.l(libinit2.o)
    0x0800023a   0x0800023a   0x00000000   Code   RO         1569    .ARM.Collect$$libinit$$00000030  c_w.l(libinit2.o)
    0x0800023a   0x0800023a   0x00000000   Code   RO         1571    .ARM.Collect$$libinit$$00000032  c_w.l(libinit2.o)
    0x0800023a   0x0800023a   0x00000000   Code   RO         1573    .ARM.Collect$$libinit$$00000034  c_w.l(libinit2.o)
    0x0800023a   0x0800023a   0x00000002   Code   RO         1574    .ARM.Collect$$libinit$$00000035  c_w.l(libinit2.o)
    0x0800023c   0x0800023c   0x00000002   Code   RO         1602    .ARM.Collect$$libshutdown$$00000000  c_w.l(libshutdown.o)
    0x0800023e   0x0800023e   0x00000000   Code   RO         1617    .ARM.Collect$$libshutdown$$00000002  c_w.l(libshutdown2.o)
    0x0800023e   0x0800023e   0x00000000   Code   RO         1619    .ARM.Collect$$libshutdown$$00000004  c_w.l(libshutdown2.o)
    0x0800023e   0x0800023e   0x00000000   Code   RO         1622    .ARM.Collect$$libshutdown$$00000007  c_w.l(libshutdown2.o)
    0x0800023e   0x0800023e   0x00000000   Code   RO         1625    .ARM.Collect$$libshutdown$$0000000A  c_w.l(libshutdown2.o)
    0x0800023e   0x0800023e   0x00000000   Code   RO         1627    .ARM.Collect$$libshutdown$$0000000C  c_w.l(libshutdown2.o)
    0x0800023e   0x0800023e   0x00000000   Code   RO         1630    .ARM.Collect$$libshutdown$$0000000F  c_w.l(libshutdown2.o)
    0x0800023e   0x0800023e   0x00000002   Code   RO         1631    .ARM.Collect$$libshutdown$$00000010  c_w.l(libshutdown2.o)
    0x08000240   0x08000240   0x00000000   Code   RO         1266    .ARM.Collect$$rtentry$$00000000  c_w.l(__rtentry.o)
    0x08000240   0x08000240   0x00000000   Code   RO         1416    .ARM.Collect$$rtentry$$00000002  c_w.l(__rtentry2.o)
    0x08000240   0x08000240   0x00000006   Code   RO         1428    .ARM.Collect$$rtentry$$00000004  c_w.l(__rtentry4.o)
    0x08000246   0x08000246   0x00000000   Code   RO         1418    .ARM.Collect$$rtentry$$00000009  c_w.l(__rtentry2.o)
    0x08000246   0x08000246   0x00000004   Code   RO         1419    .ARM.Collect$$rtentry$$0000000A  c_w.l(__rtentry2.o)
    0x0800024a   0x0800024a   0x00000000   Code   RO         1421    .ARM.Collect$$rtentry$$0000000C  c_w.l(__rtentry2.o)
    0x0800024a   0x0800024a   0x00000008   Code   RO         1422    .ARM.Collect$$rtentry$$0000000D  c_w.l(__rtentry2.o)
    0x08000252   0x08000252   0x00000002   Code   RO         1521    .ARM.Collect$$rtexit$$00000000  c_w.l(rtexit.o)
    0x08000254   0x08000254   0x00000000   Code   RO         1578    .ARM.Collect$$rtexit$$00000002  c_w.l(rtexit2.o)
    0x08000254   0x08000254   0x00000004   Code   RO         1579    .ARM.Collect$$rtexit$$00000003  c_w.l(rtexit2.o)
    0x08000258   0x08000258   0x00000006   Code   RO         1580    .ARM.Collect$$rtexit$$00000004  c_w.l(rtexit2.o)
    0x0800025e   0x0800025e   0x00000002   PAD
    0x08000260   0x08000260   0x00000040   Code   RO            4    .text               startup_stm32f103xb.o
    0x080002a0   0x080002a0   0x00000024   Code   RO         1192    .text               c_w.l(vsprintf.o)
    0x080002c4   0x080002c4   0x0000008a   Code   RO         1194    .text               c_w.l(rt_memcpy_v6.o)
    0x0800034e   0x0800034e   0x0000004e   Code   RO         1196    .text               c_w.l(rt_memclr_w.o)
    0x0800039c   0x0800039c   0x00000080   Code   RO         1198    .text               c_w.l(strcmpv7m.o)
    0x0800041c   0x0800041c   0x00000006   Code   RO         1200    .text               c_w.l(heapauxi.o)
    0x08000422   0x08000422   0x0000004e   Code   RO         1271    .text               c_w.l(_printf_pad.o)
    0x08000470   0x08000470   0x00000024   Code   RO         1273    .text               c_w.l(_printf_truncate.o)
    0x08000494   0x08000494   0x00000052   Code   RO         1275    .text               c_w.l(_printf_str.o)
    0x080004e6   0x080004e6   0x00000002   PAD
    0x080004e8   0x080004e8   0x00000078   Code   RO         1277    .text               c_w.l(_printf_dec.o)
    0x08000560   0x08000560   0x00000028   Code   RO         1279    .text               c_w.l(_printf_charcount.o)
    0x08000588   0x08000588   0x00000030   Code   RO         1281    .text               c_w.l(_printf_char_common.o)
    0x080005b8   0x080005b8   0x0000000a   Code   RO         1283    .text               c_w.l(_sputc.o)
    0x080005c2   0x080005c2   0x00000002   PAD
    0x080005c4   0x080005c4   0x000000bc   Code   RO         1285    .text               c_w.l(_printf_wctomb.o)
    0x08000680   0x08000680   0x0000007c   Code   RO         1288    .text               c_w.l(_printf_longlong_dec.o)
    0x080006fc   0x080006fc   0x00000070   Code   RO         1294    .text               c_w.l(_printf_oct_int_ll.o)
    0x0800076c   0x0800076c   0x00000094   Code   RO         1314    .text               c_w.l(_printf_hex_int_ll_ptr.o)
    0x08000800   0x08000800   0x00000188   Code   RO         1334    .text               c_w.l(__printf_flags_ss_wp.o)
    0x08000988   0x08000988   0x00000064   Code   RO         1360    .text               c_w.l(rt_memcpy_w.o)
    0x080009ec   0x080009ec   0x0000008a   Code   RO         1435    .text               c_w.l(lludiv10.o)
    0x08000a76   0x08000a76   0x000000b2   Code   RO         1437    .text               c_w.l(_printf_intcommon.o)
    0x08000b28   0x08000b28   0x0000041c   Code   RO         1439    .text               c_w.l(_printf_fp_dec.o)
    0x08000f44   0x08000f44   0x000002fc   Code   RO         1443    .text               c_w.l(_printf_fp_hex.o)
    0x08001240   0x08001240   0x0000002c   Code   RO         1448    .text               c_w.l(_printf_char.o)
    0x0800126c   0x0800126c   0x0000002c   Code   RO         1450    .text               c_w.l(_printf_wchar.o)
    0x08001298   0x08001298   0x00000048   Code   RO         1453    .text               c_w.l(_c16rtomb.o)
    0x080012e0   0x080012e0   0x00000008   Code   RO         1465    .text               c_w.l(libspace.o)
    0x080012e8   0x080012e8   0x0000004a   Code   RO         1468    .text               c_w.l(sys_stackheap_outer.o)
    0x08001332   0x08001332   0x00000002   PAD
    0x08001334   0x08001334   0x00000010   Code   RO         1470    .text               c_w.l(rt_ctype_table.o)
    0x08001344   0x08001344   0x00000008   Code   RO         1475    .text               c_w.l(rt_locale_intlibspace.o)
    0x0800134c   0x0800134c   0x00000080   Code   RO         1477    .text               c_w.l(_printf_fp_infnan.o)
    0x080013cc   0x080013cc   0x000000e4   Code   RO         1479    .text               c_w.l(bigflt0.o)
    0x080014b0   0x080014b0   0x00000012   Code   RO         1509    .text               c_w.l(exit.o)
    0x080014c2   0x080014c2   0x00000002   PAD
    0x080014c4   0x080014c4   0x0000000c   Code   RO         1592    .text               c_w.l(sys_exit.o)
    0x080014d0   0x080014d0   0x00000002   Code   RO         1607    .text               c_w.l(use_no_semi.o)
    0x080014d2   0x080014d2   0x00000000   Code   RO         1609    .text               c_w.l(indicate_semi.o)
    0x080014d2   0x080014d2   0x00000002   PAD
    0x080014d4   0x080014d4   0x0000001a   Code   RO         1078    .text.All_Work      work.o
    0x080014ee   0x080014ee   0x00000002   PAD
    0x080014f0   0x080014f0   0x000000b4   Code   RO         1072    .text.Arithmetic_Data  work.o
    0x080015a4   0x080015a4   0x00000002   Code   RO           88    .text.BusFault_Handler  stm32f1xx_it.o
    0x080015a6   0x080015a6   0x00000002   PAD
    0x080015a8   0x080015a8   0x00000002   Code   RO           94    .text.DebugMon_Handler  stm32f1xx_it.o
    0x080015aa   0x080015aa   0x00000002   PAD
    0x080015ac   0x080015ac   0x0000000a   Code   RO           17    .text.Error_Handler  main.o
    0x080015b6   0x080015b6   0x00000002   PAD
    0x080015b8   0x080015b8   0x00000040   Code   RO          600    .text.HAL_DMA_Abort  stm32f1xx_hal_dma.o
    0x080015f8   0x080015f8   0x000000b2   Code   RO          602    .text.HAL_DMA_Abort_IT  stm32f1xx_hal_dma.o
    0x080016aa   0x080016aa   0x00000002   PAD
    0x080016ac   0x080016ac   0x00000202   Code   RO          568    .text.HAL_GPIO_Init  stm32f1xx_hal_gpio.o
    0x080018ae   0x080018ae   0x00000002   PAD
    0x080018b0   0x080018b0   0x0000000a   Code   RO          572    .text.HAL_GPIO_ReadPin  stm32f1xx_hal_gpio.o
    0x080018ba   0x080018ba   0x00000002   PAD
    0x080018bc   0x080018bc   0x0000000a   Code   RO          574    .text.HAL_GPIO_WritePin  stm32f1xx_hal_gpio.o
    0x080018c6   0x080018c6   0x00000002   PAD
    0x080018c8   0x080018c8   0x0000000c   Code   RO          467    .text.HAL_GetTick   stm32f1xx_hal.o
    0x080018d4   0x080018d4   0x0000001a   Code   RO          465    .text.HAL_IncTick   stm32f1xx_hal.o
    0x080018ee   0x080018ee   0x00000002   PAD
    0x080018f0   0x080018f0   0x00000026   Code   RO          455    .text.HAL_Init      stm32f1xx_hal.o
    0x08001916   0x08001916   0x00000002   PAD
    0x08001918   0x08001918   0x00000050   Code   RO          457    .text.HAL_InitTick  stm32f1xx_hal.o
    0x08001968   0x08001968   0x00000042   Code   RO          113    .text.HAL_MspInit   stm32f1xx_hal_msp.o
    0x080019aa   0x080019aa   0x00000002   PAD
    0x080019ac   0x080019ac   0x00000022   Code   RO          628    .text.HAL_NVIC_EnableIRQ  stm32f1xx_hal_cortex.o
    0x080019ce   0x080019ce   0x00000002   PAD
    0x080019d0   0x080019d0   0x00000056   Code   RO          626    .text.HAL_NVIC_SetPriority  stm32f1xx_hal_cortex.o
    0x08001a26   0x08001a26   0x00000002   PAD
    0x08001a28   0x08001a28   0x00000020   Code   RO          624    .text.HAL_NVIC_SetPriorityGrouping  stm32f1xx_hal_cortex.o
    0x08001a48   0x08001a48   0x000001b2   Code   RO          520    .text.HAL_RCC_ClockConfig  stm32f1xx_hal_rcc.o
    0x08001bfa   0x08001bfa   0x00000002   PAD
    0x08001bfc   0x08001bfc   0x00000026   Code   RO          532    .text.HAL_RCC_GetPCLK1Freq  stm32f1xx_hal_rcc.o
    0x08001c22   0x08001c22   0x00000002   PAD
    0x08001c24   0x08001c24   0x00000026   Code   RO          534    .text.HAL_RCC_GetPCLK2Freq  stm32f1xx_hal_rcc.o
    0x08001c4a   0x08001c4a   0x00000002   PAD
    0x08001c4c   0x08001c4c   0x00000338   Code   RO          518    .text.HAL_RCC_OscConfig  stm32f1xx_hal_rcc.o
    0x08001f84   0x08001f84   0x0000002c   Code   RO          636    .text.HAL_SYSTICK_Config  stm32f1xx_hal_cortex.o
    0x08001fb0   0x08001fb0   0x00000002   Code   RO          441    .text.HAL_TIMEx_BreakCallback  stm32f1xx_hal_tim_ex.o
    0x08001fb2   0x08001fb2   0x00000002   PAD
    0x08001fb4   0x08001fb4   0x00000002   Code   RO          437    .text.HAL_TIMEx_CommutCallback  stm32f1xx_hal_tim_ex.o
    0x08001fb6   0x08001fb6   0x00000002   PAD
    0x08001fb8   0x08001fb8   0x0000007a   Code   RO          431    .text.HAL_TIMEx_MasterConfigSynchronization  stm32f1xx_hal_tim_ex.o
    0x08002032   0x08002032   0x00000002   PAD
    0x08002034   0x08002034   0x000000e6   Code   RO          136    .text.HAL_TIM_Base_Init  stm32f1xx_hal_tim.o
    0x0800211a   0x0800211a   0x00000002   PAD
    0x0800211c   0x0800211c   0x0000003e   Code   RO           51    .text.HAL_TIM_Base_MspInit  tim.o
    0x0800215a   0x0800215a   0x00000002   PAD
    0x0800215c   0x0800215c   0x00000066   Code   RO          150    .text.HAL_TIM_Base_Start_IT  stm32f1xx_hal_tim.o
    0x080021c2   0x080021c2   0x00000002   PAD
    0x080021c4   0x080021c4   0x000001a0   Code   RO          316    .text.HAL_TIM_ConfigClockSource  stm32f1xx_hal_tim.o
    0x08002364   0x08002364   0x00000002   Code   RO          272    .text.HAL_TIM_IC_CaptureCallback  stm32f1xx_hal_tim.o
    0x08002366   0x08002366   0x00000002   PAD
    0x08002368   0x08002368   0x0000014a   Code   RO          270    .text.HAL_TIM_IRQHandler  stm32f1xx_hal_tim.o
    0x080024b2   0x080024b2   0x00000002   PAD
    0x080024b4   0x080024b4   0x00000002   Code   RO          274    .text.HAL_TIM_OC_DelayElapsedCallback  stm32f1xx_hal_tim.o
    0x080024b6   0x080024b6   0x00000002   PAD
    0x080024b8   0x080024b8   0x00000002   Code   RO          276    .text.HAL_TIM_PWM_PulseFinishedCallback  stm32f1xx_hal_tim.o
    0x080024ba   0x080024ba   0x00000002   PAD
    0x080024bc   0x080024bc   0x00000002   Code   RO           21    .text.HAL_TIM_PeriodElapsedCallback  main.o
    0x080024be   0x080024be   0x00000002   PAD
    0x080024c0   0x080024c0   0x00000002   Code   RO          280    .text.HAL_TIM_TriggerCallback  stm32f1xx_hal_tim.o
    0x080024c2   0x080024c2   0x00000002   PAD
    0x080024c4   0x080024c4   0x00000002   Code   RO          873    .text.HAL_UARTEx_RxEventCallback  stm32f1xx_hal_uart.o
    0x080024c6   0x080024c6   0x00000002   PAD
    0x080024c8   0x080024c8   0x00000002   Code   RO          871    .text.HAL_UART_ErrorCallback  stm32f1xx_hal_uart.o
    0x080024ca   0x080024ca   0x00000002   PAD
    0x080024cc   0x080024cc   0x00000302   Code   RO          865    .text.HAL_UART_IRQHandler  stm32f1xx_hal_uart.o
    0x080027ce   0x080027ce   0x00000002   PAD
    0x080027d0   0x080027d0   0x000000e0   Code   RO          789    .text.HAL_UART_Init  stm32f1xx_hal_uart.o
    0x080028b0   0x080028b0   0x000000e6   Code   RO           68    .text.HAL_UART_MspInit  usart.o
    0x08002996   0x08002996   0x00000002   PAD
    0x08002998   0x08002998   0x00000054   Code   RO          809    .text.HAL_UART_Receive_IT  stm32f1xx_hal_uart.o
    0x080029ec   0x080029ec   0x000000fe   Code   RO           19    .text.HAL_UART_RxCpltCallback  main.o
    0x08002aea   0x08002aea   0x00000002   PAD
    0x08002aec   0x08002aec   0x000000f4   Code   RO          803    .text.HAL_UART_Transmit  stm32f1xx_hal_uart.o
    0x08002be0   0x08002be0   0x00000002   Code   RO          875    .text.HAL_UART_TxCpltCallback  stm32f1xx_hal_uart.o
    0x08002be2   0x08002be2   0x00000002   PAD
    0x08002be4   0x08002be4   0x00000002   Code   RO           84    .text.HardFault_Handler  stm32f1xx_it.o
    0x08002be6   0x08002be6   0x00000002   PAD
    0x08002be8   0x08002be8   0x0000004c   Code   RO         1014    .text.JOHO_Package2RingBuffer  uart_servo_lite.o
    0x08002c34   0x08002c34   0x00000066   Code   RO         1012    .text.JOHO_PackageBuild_Send  uart_servo_lite.o
    0x08002c9a   0x08002c9a   0x00000002   PAD
    0x08002c9c   0x08002c9c   0x000000b6   Code   RO           40    .text.MX_GPIO_Init  gpio.o
    0x08002d52   0x08002d52   0x00000002   PAD
    0x08002d54   0x08002d54   0x00000078   Code   RO           49    .text.MX_TIM2_Init  tim.o
    0x08002dcc   0x08002dcc   0x0000003c   Code   RO           64    .text.MX_USART1_UART_Init  usart.o
    0x08002e08   0x08002e08   0x0000003c   Code   RO           66    .text.MX_USART3_UART_Init  usart.o
    0x08002e44   0x08002e44   0x00000052   Code   RO         1055    .text.Matrix_Key_GetDownNum  key.o
    0x08002e96   0x08002e96   0x00000002   PAD
    0x08002e98   0x08002e98   0x0000008a   Code   RO         1051    .text.Matrix_Key_RowScan  key.o
    0x08002f22   0x08002f22   0x00000002   PAD
    0x08002f24   0x08002f24   0x0000005e   Code   RO         1032    .text.MeGet_GETPositionVal  uart_servo_lite.o
    0x08002f82   0x08002f82   0x00000002   PAD
    0x08002f84   0x08002f84   0x00000086   Code   RO         1030    .text.MeSet_ServoAngle  uart_servo_lite.o
    0x0800300a   0x0800300a   0x00000002   PAD
    0x0800300c   0x0800300c   0x00000002   Code   RO           86    .text.MemManage_Handler  stm32f1xx_it.o
    0x0800300e   0x0800300e   0x00000002   PAD
    0x08003010   0x08003010   0x000001c0   Code   RO         1070    .text.Mode_1_Work   work.o
    0x080031d0   0x080031d0   0x00000058   Code   RO         1074    .text.Mode_2_Work   work.o
    0x08003228   0x08003228   0x00000084   Code   RO         1076    .text.Mode_3_Work   work.o
    0x080032ac   0x080032ac   0x00000068   Code   RO         1068    .text.Mode_Change_Work  work.o
    0x08003314   0x08003314   0x00000002   Code   RO           82    .text.NMI_Handler   stm32f1xx_it.o
    0x08003316   0x08003316   0x00000002   PAD
    0x08003318   0x08003318   0x00000014   Code   RO         1119    .text.OLED_Clear    oled.o
    0x0800332c   0x0800332c   0x00000052   Code   RO         1111    .text.OLED_I2C_SendByte  oled.o
    0x0800337e   0x0800337e   0x00000002   PAD
    0x08003380   0x08003380   0x000000e6   Code   RO         1117    .text.OLED_Init     oled.o
    0x08003466   0x08003466   0x00000002   PAD
    0x08003468   0x08003468   0x00000028   Code   RO         1155    .text.OLED_Printf   oled.o
    0x08003490   0x08003490   0x0000012a   Code   RO         1141    .text.OLED_ShowImage  oled.o
    0x080035ba   0x080035ba   0x00000002   PAD
    0x080035bc   0x080035bc   0x000001de   Code   RO         1143    .text.OLED_ShowString  oled.o
    0x0800379a   0x0800379a   0x00000002   PAD
    0x0800379c   0x0800379c   0x00000036   Code   RO         1121    .text.OLED_Update   oled.o
    0x080037d2   0x080037d2   0x00000002   PAD
    0x080037d4   0x080037d4   0x000002b4   Code   RO         1066    .text.OLED_Work     work.o
    0x08003a88   0x08003a88   0x0000009a   Code   RO         1113    .text.OLED_WriteCommand  oled.o
    0x08003b22   0x08003b22   0x00000002   PAD
    0x08003b24   0x08003b24   0x00000076   Code   RO         1115    .text.OLED_WriteData  oled.o
    0x08003b9a   0x08003b9a   0x00000002   PAD
    0x08003b9c   0x08003b9c   0x00000002   Code   RO           96    .text.PendSV_Handler  stm32f1xx_it.o
    0x08003b9e   0x08003b9e   0x00000002   PAD
    0x08003ba0   0x08003ba0   0x00000014   Code   RO          930    .text.RingBuffer_GetByteUsed  ring_buffer.o
    0x08003bb4   0x08003bb4   0x0000006c   Code   RO          972    .text.RingBuffer_GetChecksum  ring_buffer.o
    0x08003c20   0x08003c20   0x00000032   Code   RO          938    .text.RingBuffer_GetValueByIndex  ring_buffer.o
    0x08003c52   0x08003c52   0x00000002   PAD
    0x08003c54   0x08003c54   0x0000002a   Code   RO          926    .text.RingBuffer_Init  ring_buffer.o
    0x08003c7e   0x08003c7e   0x00000002   PAD
    0x08003c80   0x08003c80   0x00000034   Code   RO          940    .text.RingBuffer_Pop  ring_buffer.o
    0x08003cb4   0x08003cb4   0x00000052   Code   RO          942    .text.RingBuffer_Push  ring_buffer.o
    0x08003d06   0x08003d06   0x00000002   PAD
    0x08003d08   0x08003d08   0x00000034   Code   RO          944    .text.RingBuffer_ReadByte  ring_buffer.o
    0x08003d3c   0x08003d3c   0x00000052   Code   RO          958    .text.RingBuffer_WriteByte  ring_buffer.o
    0x08003d8e   0x08003d8e   0x00000002   PAD
    0x08003d90   0x08003d90   0x0000006a   Code   RO          960    .text.RingBuffer_WriteByteArray  ring_buffer.o
    0x08003dfa   0x08003dfa   0x00000002   PAD
    0x08003dfc   0x08003dfc   0x0000006c   Code   RO          964    .text.RingBuffer_WriteUShort  ring_buffer.o
    0x08003e68   0x08003e68   0x00000002   Code   RO           92    .text.SVC_Handler   stm32f1xx_it.o
    0x08003e6a   0x08003e6a   0x00000002   PAD
    0x08003e6c   0x08003e6c   0x00000024   Code   RO          992    .text.SysTick_CountdownBegin  sys_tick.o
    0x08003e90   0x08003e90   0x0000001e   Code   RO          994    .text.SysTick_CountdownCancel  sys_tick.o
    0x08003eae   0x08003eae   0x00000002   PAD
    0x08003eb0   0x08003eb0   0x00000012   Code   RO          996    .text.SysTick_CountdownIsTimeout  sys_tick.o
    0x08003ec2   0x08003ec2   0x00000002   PAD
    0x08003ec4   0x08003ec4   0x00000032   Code   RO          988    .text.SysTick_DelayMs  sys_tick.o
    0x08003ef6   0x08003ef6   0x00000002   PAD
    0x08003ef8   0x08003ef8   0x0000001a   Code   RO           98    .text.SysTick_Handler  stm32f1xx_it.o
    0x08003f12   0x08003f12   0x00000002   PAD
    0x08003f14   0x08003f14   0x0000004e   Code   RO          982    .text.SysTick_Init  sys_tick.o
    0x08003f62   0x08003f62   0x00000002   PAD
    0x08003f64   0x08003f64   0x00000002   Code   RO          909    .text.SystemInit    system_stm32f1xx.o
    0x08003f66   0x08003f66   0x00000002   PAD
    0x08003f68   0x08003f68   0x0000000c   Code   RO          100    .text.TIM2_IRQHandler  stm32f1xx_it.o
    0x08003f74   0x08003f74   0x0000000c   Code   RO          869    .text.UART_DMAAbortOnError  stm32f1xx_hal_uart.o
    0x08003f80   0x08003f80   0x000000c0   Code   RO          867    .text.UART_Receive_IT  stm32f1xx_hal_uart.o
    0x08004040   0x08004040   0x0000000c   Code   RO          102    .text.USART1_IRQHandler  stm32f1xx_it.o
    0x0800404c   0x0800404c   0x0000000c   Code   RO          104    .text.USART3_IRQHandler  stm32f1xx_it.o
    0x08004058   0x08004058   0x00000152   Code   RO         1018    .text.USL_RecvPackage  uart_servo_lite.o
    0x080041aa   0x080041aa   0x00000002   PAD
    0x080041ac   0x080041ac   0x00000002   Code   RO           90    .text.UsageFault_Handler  stm32f1xx_it.o
    0x080041ae   0x080041ae   0x00000002   PAD
    0x080041b0   0x080041b0   0x0000004e   Code   RO         1006    .text.Usart_Init    uart_servo_lite.o
    0x080041fe   0x080041fe   0x00000002   PAD
    0x08004200   0x08004200   0x000000ce   Code   RO           13    .text.main          main.o
    0x080042ce   0x080042ce   0x0000003e   Code   RO         1482    CL$$btod_d2e        c_w.l(btod.o)
    0x0800430c   0x0800430c   0x00000046   Code   RO         1484    CL$$btod_d2e_denorm_low  c_w.l(btod.o)
    0x08004352   0x08004352   0x00000060   Code   RO         1483    CL$$btod_d2e_norm_op1  c_w.l(btod.o)
    0x080043b2   0x080043b2   0x00000002   PAD
    0x080043b4   0x080043b4   0x00000338   Code   RO         1492    CL$$btod_div_common  c_w.l(btod.o)
    0x080046ec   0x080046ec   0x000000dc   Code   RO         1489    CL$$btod_e2e        c_w.l(btod.o)
    0x080047c8   0x080047c8   0x0000002a   Code   RO         1486    CL$$btod_ediv       c_w.l(btod.o)
    0x080047f2   0x080047f2   0x0000002a   Code   RO         1485    CL$$btod_emul       c_w.l(btod.o)
    0x0800481c   0x0800481c   0x00000244   Code   RO         1491    CL$$btod_mult_common  c_w.l(btod.o)
    0x08004a60   0x08004a60   0x00000028   Code   RO         1461    i.__ARM_fpclassify  m_ws.l(fpclassify.o)
    0x08004a88   0x08004a88   0x0000000e   Code   RO         1327    i._is_digit         c_w.l(__printf_wp.o)
    0x08004a96   0x08004a96   0x00000002   PAD
    0x08004a98   0x08004a98   0x0000002c   Code   RO         1507    locale$$code        c_w.l(lc_numeric_c.o)
    0x08004ac4   0x08004ac4   0x0000002c   Code   RO         1526    locale$$code        c_w.l(lc_ctype_c.o)
    0x08004af0   0x08004af0   0x0000000c   Code   RO         1370    x$fpl$dretinf       fz_ws.l(dretinf.o)
    0x08004afc   0x08004afc   0x00000056   Code   RO         1234    x$fpl$f2d           fz_ws.l(f2d.o)
    0x08004b52   0x08004b52   0x00000002   PAD
    0x08004b54   0x08004b54   0x000000c4   Code   RO         1236    x$fpl$fadd          fz_ws.l(faddsub_clz.o)
    0x08004c18   0x08004c18   0x00000054   Code   RO         1242    x$fpl$fcmp          fz_ws.l(fcmp.o)
    0x08004c6c   0x08004c6c   0x00000018   Code   RO         1457    x$fpl$fcmpinf       fz_ws.l(fcmpi.o)
    0x08004c84   0x08004c84   0x00000184   Code   RO         1245    x$fpl$fdiv          fz_ws.l(fdiv.o)
    0x08004e08   0x08004e08   0x00000068   Code   RO         1376    x$fpl$feqf          fz_ws.l(feqf.o)
    0x08004e70   0x08004e70   0x00000036   Code   RO         1248    x$fpl$ffix          fz_ws.l(ffix.o)
    0x08004ea6   0x08004ea6   0x00000002   PAD
    0x08004ea8   0x08004ea8   0x00000030   Code   RO         1253    x$fpl$fflt          fz_ws.l(fflt_clz.o)
    0x08004ed8   0x08004ed8   0x00000026   Code   RO         1252    x$fpl$ffltu         fz_ws.l(fflt_clz.o)
    0x08004efe   0x08004efe   0x00000002   PAD
    0x08004f00   0x08004f00   0x00000068   Code   RO         1378    x$fpl$fgeqf         fz_ws.l(fgeqf.o)
    0x08004f68   0x08004f68   0x00000068   Code   RO         1380    x$fpl$fleqf         fz_ws.l(fleqf.o)
    0x08004fd0   0x08004fd0   0x00000102   Code   RO         1258    x$fpl$fmul          fz_ws.l(fmul.o)
    0x080050d2   0x080050d2   0x0000008c   Code   RO         1382    x$fpl$fnaninf       fz_ws.l(fnaninf.o)
    0x0800515e   0x0800515e   0x0000000a   Code   RO         1384    x$fpl$fretinf       fz_ws.l(fretinf.o)
    0x08005168   0x08005168   0x000000ea   Code   RO         1238    x$fpl$fsub          fz_ws.l(faddsub_clz.o)
    0x08005252   0x08005252   0x00000004   Code   RO         1386    x$fpl$printf1       fz_ws.l(printf1.o)
    0x08005256   0x08005256   0x00000004   Code   RO         1388    x$fpl$printf2       fz_ws.l(printf2.o)
    0x0800525a   0x0800525a   0x00000000   Code   RO         1394    x$fpl$usenofp       fz_ws.l(usenofp.o)
    0x0800525a   0x0800525a   0x00000002   PAD
    0x0800525c   0x0800525c   0x00000008   Data   RO         1286    .constdata          c_w.l(_printf_wctomb.o)
    0x08005264   0x08005264   0x00000028   Data   RO         1315    .constdata          c_w.l(_printf_hex_int_ll_ptr.o)
    0x0800528c   0x0800528c   0x00000011   Data   RO         1335    .constdata          c_w.l(__printf_flags_ss_wp.o)
    0x0800529d   0x0800529d   0x00000026   Data   RO         1444    .constdata          c_w.l(_printf_fp_hex.o)
    0x080052c3   0x080052c3   0x00000001   PAD
    0x080052c4   0x080052c4   0x00000094   Data   RO         1480    .constdata          c_w.l(bigflt0.o)
    0x08005358   0x08005358   0x00000010   Data   RO          914    .rodata.AHBPrescTable  system_stm32f1xx.o
    0x08005368   0x08005368   0x00000008   Data   RO          915    .rodata.APBPrescTable  system_stm32f1xx.o
    0x08005370   0x08005370   0x00000002   Data   RO          545    .rodata.HAL_RCC_GetSysClockFreq.aPredivFactorTable  stm32f1xx_hal_rcc.o
    0x08005372   0x08005372   0x00000103   Data   RO         1184    .rodata.OLED_CF16x16  oled_data.o
    0x08005475   0x08005475   0x0000023a   Data   RO         1183    .rodata.OLED_F6x8   oled_data.o
    0x080056af   0x080056af   0x000005f0   Data   RO         1182    .rodata.OLED_F8x16  oled_data.o
    0x08005c9f   0x08005c9f   0x00000010   Data   RO          544    .rodata.cst16       stm32f1xx_hal_rcc.o
    0x08005caf   0x08005caf   0x00000001   PAD
    0x08005cb0   0x08005cb0   0x00000020   Data   RO         1057    .rodata.cst16       key.o
    0x08005cd0   0x08005cd0   0x00000006   Data   RO         1092    .rodata.str1.1      work.o
    0x08005cd6   0x08005cd6   0x00000002   PAD
    0x08005cd8   0x08005cd8   0x00000020   Data   RO         1665    Region$$Table       anon$$obj.o
    0x08005cf8   0x08005cf8   0x0000001c   Data   RO         1506    locale$$data        c_w.l(lc_numeric_c.o)
    0x08005d14   0x08005d14   0x00000110   Data   RO         1525    locale$$data        c_w.l(lc_ctype_c.o)


    Execution Region RW_IRAM1 (Exec base: 0x20000000, Load base: 0x08005e28, Size: 0x00000fc8, Max: 0x00005000, ABSOLUTE)

    Exec Addr    Load Addr    Size         Type   Attr      Idx    E Section Name        Object

    0x20000000   0x08005e28   0x00000001   Data   RW         1081    .data.Mode          work.o
    0x20000001   0x08005e29   0x00000001   Data   RW           27    .data.Packet_type   main.o
    0x20000002   0x08005e2a   0x00000002   PAD
    0x20000004   0x08005e2c   0x00000004   Data   RW          913    .data.SystemCoreClock  system_stm32f1xx.o
    0x20000008   0x08005e30   0x00000004   Data   RW         1080    .data.servoUsart    work.o
    0x2000000c   0x08005e34   0x00000001   Data   RW          506    .data.uwTickFreq    stm32f1xx_hal.o
    0x2000000d   0x08005e35   0x00000003   PAD
    0x20000010   0x08005e38   0x00000004   Data   RW          505    .data.uwTickPrio    stm32f1xx_hal.o
    0x20000014   0x08005e3c   0x00000004   PAD
    0x20000018        -       0x00000060   Zero   RW         1466    .bss                c_w.l(libspace.o)
    0x20000078        -       0x00000004   Zero   RW         1082    .bss.Add_X_coordinate  work.o
    0x2000007c        -       0x00000004   Zero   RW         1083    .bss.Add_Y_coordinate  work.o
    0x20000080        -       0x00000004   Zero   RW         1089    .bss.Back_central_x  work.o
    0x20000084        -       0x00000004   Zero   RW         1090    .bss.Back_central_y  work.o
    0x20000088        -       0x00000001   Zero   RW         1091    .bss.Mode3_Save_Data_flag  work.o
    0x20000089        -       0x00000004   Zero   RW           28    .bss.Mode_1_Package  main.o
    0x2000008d        -       0x0000000a   Zero   RW           29    .bss.Mode_3_1_Package  main.o
    0x20000097        -       0x00000004   Zero   RW           30    .bss.Mode_3_2_Package  main.o
    0x2000009b   0x08005e3c   0x00000001   PAD
    0x2000009c        -       0x00000400   Zero   RW         1173    .bss.OLED_DisplayBuf  oled.o
    0x2000049c        -       0x00000001   Zero   RW           25    .bss.Rx_1_Data      main.o
    0x2000049d        -       0x00000001   Zero   RW           26    .bss.Rx_Pointer     main.o
    0x2000049e   0x08005e3c   0x00000002   PAD
    0x200004a0        -       0x00000010   Zero   RW         1086    .bss.Save_Star_Data_X  work.o
    0x200004b0        -       0x00000010   Zero   RW         1087    .bss.Save_Star_Data_Y  work.o
    0x200004c0        -       0x00000004   Zero   RW         1084    .bss.curAngle_x     work.o
    0x200004c4        -       0x00000004   Zero   RW         1085    .bss.curAngle_y     work.o
    0x200004c8        -       0x00000048   Zero   RW           55    .bss.htim2          tim.o
    0x20000510        -       0x00000048   Zero   RW           72    .bss.huart1         usart.o
    0x20000558        -       0x00000048   Zero   RW           73    .bss.huart3         usart.o
    0x200005a0        -       0x00000001   Zero   RW         1088    .bss.read_flag      work.o
    0x200005a1   0x08005e3c   0x00000003   PAD
    0x200005a4        -       0x00000004   Zero   RW          998    .bss.sysTickCnt     sys_tick.o
    0x200005a8        -       0x00000001   Zero   RW           24    .bss.ucTemp1        main.o
    0x200005a9   0x08005e3c   0x00000003   PAD
    0x200005ac        -       0x0000000c   Zero   RW         1034    .bss.usart1         uart_servo_lite.o
    0x200005b8        -       0x000001f5   Zero   RW         1038    .bss.usart1RecvBuf  uart_servo_lite.o
    0x200007ad   0x08005e3c   0x00000003   PAD
    0x200007b0        -       0x0000000c   Zero   RW         1037    .bss.usart1RecvRingBuf  uart_servo_lite.o
    0x200007bc        -       0x000001f5   Zero   RW         1036    .bss.usart1SendBuf  uart_servo_lite.o
    0x200009b1   0x08005e3c   0x00000003   PAD
    0x200009b4        -       0x0000000c   Zero   RW         1035    .bss.usart1SendRingBuf  uart_servo_lite.o
    0x200009c0        -       0x00000004   Zero   RW          507    .bss.uwTick         stm32f1xx_hal.o
    0x200009c4   0x08005e3c   0x00000004   PAD
    0x200009c8        -       0x00000200   Zero   RW            2    HEAP                startup_stm32f103xb.o
    0x20000bc8        -       0x00000400   Zero   RW            1    STACK               startup_stm32f103xb.o


==============================================================================

Image component sizes


      Code (inc. data)   RO Data    RW Data    ZI Data      Debug   Object Name

       182          0          0          0          0       1589   gpio.o
       220          0         32          0          0       2622   key.o
       472          0          0          1         21       7451   main.o
      1474          0          0          0       1024      36363   oled.o
         0          0       2349          0          0        773   oled_data.o
       702          0          0          0          0      12894   ring_buffer.o
        64         26        236          0       1536        780   startup_stm32f103xb.o
       156          0          0          5          4       5745   stm32f1xx_hal.o
       196          0          0          0          0       8403   stm32f1xx_hal_cortex.o
       242          0          0          0          0       7476   stm32f1xx_hal_dma.o
       534         20          0          0          0       4683   stm32f1xx_hal_gpio.o
        66          0          0          0          0       1200   stm32f1xx_hal_msp.o
      1334          0         18          0          0       7584   stm32f1xx_hal_rcc.o
      1086          0          0          0          0      57611   stm32f1xx_hal_tim.o
       126          0          0          0          0      21542   stm32f1xx_hal_tim_ex.o
      1532          0          0          0          0      27476   stm32f1xx_hal_uart.o
        78          0          0          0          0       5664   stm32f1xx_it.o
       212          0          0          0          4       4454   sys_tick.o
         2          0         24          4          0       1589   system_stm32f1xx.o
       182          0          0          0         72       5790   tim.o
       822          8          0          0       1038      10772   uart_servo_lite.o
       350          0          0          0        144       5872   usart.o
      1670         24          6          5         58       5718   work.o

    ----------------------------------------------------------------------
     11834         78       2700         20       3924     244051   Object Totals
         0          0         32          0          0          0   (incl. Generated)
       132          0          3          5         23          0   (incl. Padding)

    ----------------------------------------------------------------------

      Code (inc. data)   RO Data    RW Data    ZI Data      Debug   Library Member Name

         8          0          0          0          0         68   __main.o
       392          4         17          0          0         92   __printf_flags_ss_wp.o
        14          0          0          0          0         68   __printf_wp.o
         0          0          0          0          0          0   __rtentry.o
        12          0          0          0          0          0   __rtentry2.o
         6          0          0          0          0          0   __rtentry4.o
        94          8          0          0          0          0   __scatter.o
        26          0          0          0          0          0   __scatter_copy.o
        28          0          0          0          0          0   __scatter_zi.o
        72          0          0          0          0         96   _c16rtomb.o
         6          0          0          0          0          0   _printf_a.o
         6          0          0          0          0          0   _printf_c.o
        44          0          0          0          0        108   _printf_char.o
        48          6          0          0          0         96   _printf_char_common.o
        40          0          0          0          0         68   _printf_charcount.o
         6          0          0          0          0          0   _printf_d.o
       120         16          0          0          0         92   _printf_dec.o
         6          0          0          0          0          0   _printf_e.o
         6          0          0          0          0          0   _printf_f.o
      1052          0          0          0          0        148   _printf_fp_dec.o
       764          8         38          0          0        100   _printf_fp_hex.o
       128         16          0          0          0         84   _printf_fp_infnan.o
         6          0          0          0          0          0   _printf_g.o
       148          4         40          0          0        160   _printf_hex_int_ll_ptr.o
         6          0          0          0          0          0   _printf_i.o
       178          0          0          0          0         88   _printf_intcommon.o
        10          0          0          0          0          0   _printf_l.o
         6          0          0          0          0          0   _printf_lc.o
        10          0          0          0          0          0   _printf_ll.o
         6          0          0          0          0          0   _printf_lld.o
         6          0          0          0          0          0   _printf_lli.o
         6          0          0          0          0          0   _printf_llo.o
         6          0          0          0          0          0   _printf_llu.o
         6          0          0          0          0          0   _printf_llx.o
       124         16          0          0          0         92   _printf_longlong_dec.o
         6          0          0          0          0          0   _printf_ls.o
         6          0          0          0          0          0   _printf_n.o
         6          0          0          0          0          0   _printf_o.o
       112          8          0          0          0        124   _printf_oct_int_ll.o
         6          0          0          0          0          0   _printf_p.o
        78          0          0          0          0        108   _printf_pad.o
         0          0          0          0          0          0   _printf_percent.o
         4          0          0          0          0          0   _printf_percent_end.o
         6          0          0          0          0          0   _printf_s.o
        82          0          0          0          0         80   _printf_str.o
        36          0          0          0          0         84   _printf_truncate.o
         6          0          0          0          0          0   _printf_u.o
        44          0          0          0          0        108   _printf_wchar.o
       188          6          8          0          0         92   _printf_wctomb.o
         6          0          0          0          0          0   _printf_x.o
        10          0          0          0          0         68   _sputc.o
       228          4        148          0          0         96   bigflt0.o
      1936        128          0          0          0        668   btod.o
        18          0          0          0          0         80   exit.o
         6          0          0          0          0        152   heapauxi.o
         0          0          0          0          0          0   indicate_semi.o
        44         10        272          0          0         76   lc_ctype_c.o
        44         10         28          0          0         76   lc_numeric_c.o
         2          0          0          0          0          0   libinit.o
        30          0          0          0          0          0   libinit2.o
         2          0          0          0          0          0   libshutdown.o
         2          0          0          0          0          0   libshutdown2.o
         8          4          0          0         96         68   libspace.o
       138          0          0          0          0         80   lludiv10.o
        16          4          0          0          0         76   rt_ctype_table.o
         8          4          0          0          0         68   rt_locale_intlibspace.o
        78          0          0          0          0         80   rt_memclr_w.o
       138          0          0          0          0         68   rt_memcpy_v6.o
       100          0          0          0          0         80   rt_memcpy_w.o
         2          0          0          0          0          0   rtexit.o
        10          0          0          0          0          0   rtexit2.o
       128          0          0          0          0         68   strcmpv7m.o
        12          4          0          0          0         68   sys_exit.o
        74          0          0          0          0         80   sys_stackheap_outer.o
         2          0          0          0          0         68   use_no_semi.o
        36          4          0          0          0         76   vsprintf.o
        12          0          0          0          0         68   dretinf.o
        86          4          0          0          0         84   f2d.o
       430          8          0          0          0        168   faddsub_clz.o
        84          0          0          0          0        196   fcmp.o
        24          0          0          0          0         68   fcmpi.o
       388         76          0          0          0         96   fdiv.o
       104          4          0          0          0         84   feqf.o
        54          4          0          0          0         84   ffix.o
        86          0          0          0          0        136   fflt_clz.o
       104          4          0          0          0         84   fgeqf.o
       104          4          0          0          0         84   fleqf.o
       258          4          0          0          0         84   fmul.o
       140          4          0          0          0         84   fnaninf.o
        10          0          0          0          0         68   fretinf.o
         4          0          0          0          0         68   printf1.o
         4          0          0          0          0         68   printf2.o
         0          0          0          0          0          0   usenofp.o
        40          0          0          0          0         68   fpclassify.o

    ----------------------------------------------------------------------
      9014        376        552          0         96       5644   Library Totals
        28          0          1          0          0          0   (incl. Padding)

    ----------------------------------------------------------------------

      Code (inc. data)   RO Data    RW Data    ZI Data      Debug   Library Name

      7054        264        551          0         96       4052   c_w.l
      1892        112          0          0          0       1524   fz_ws.l
        40          0          0          0          0         68   m_ws.l

    ----------------------------------------------------------------------
      9014        376        552          0         96       5644   Library Totals

    ----------------------------------------------------------------------

==============================================================================


      Code (inc. data)   RO Data    RW Data    ZI Data      Debug   

     20848        454       3252         20       4020     246239   Grand Totals
     20848        454       3252         20       4020     246239   ELF Image Totals
     20848        454       3252         20          0          0   ROM Totals

==============================================================================

    Total RO  Size (Code + RO Data)                24100 (  23.54kB)
    Total RW  Size (RW Data + ZI Data)              4040 (   3.95kB)
    Total ROM Size (Code + RO Data + RW Data)      24120 (  23.55kB)

==============================================================================

